Archive member included to satisfy reference by file (symbol)

c:/program files (x86)/atmel/studio/7.0/toolchain/avr8/avr8-gnu-toolchain/bin/../lib/gcc/avr/4.9.2/../../../../avr/lib/avr5\libm.a(addsf3.o)
                              Sketch.o (__subsf3)
c:/program files (x86)/atmel/studio/7.0/toolchain/avr8/avr8-gnu-toolchain/bin/../lib/gcc/avr/4.9.2/../../../../avr/lib/avr5\libm.a(addsf3x.o)
                              c:/program files (x86)/atmel/studio/7.0/toolchain/avr8/avr8-gnu-toolchain/bin/../lib/gcc/avr/4.9.2/../../../../avr/lib/avr5\libm.a(addsf3.o) (__addsf3x)
c:/program files (x86)/atmel/studio/7.0/toolchain/avr8/avr8-gnu-toolchain/bin/../lib/gcc/avr/4.9.2/../../../../avr/lib/avr5\libm.a(divsf3.o)
                              Sketch.o (__divsf3)
c:/program files (x86)/atmel/studio/7.0/toolchain/avr8/avr8-gnu-toolchain/bin/../lib/gcc/avr/4.9.2/../../../../avr/lib/avr5\libm.a(divsf3x.o)
                              c:/program files (x86)/atmel/studio/7.0/toolchain/avr8/avr8-gnu-toolchain/bin/../lib/gcc/avr/4.9.2/../../../../avr/lib/avr5\libm.a(divsf3.o) (__divsf3x)
c:/program files (x86)/atmel/studio/7.0/toolchain/avr8/avr8-gnu-toolchain/bin/../lib/gcc/avr/4.9.2/../../../../avr/lib/avr5\libm.a(fixsfsi.o)
                              Sketch.o (__fixsfsi)
c:/program files (x86)/atmel/studio/7.0/toolchain/avr8/avr8-gnu-toolchain/bin/../lib/gcc/avr/4.9.2/../../../../avr/lib/avr5\libm.a(fixunssfsi.o)
                              c:/program files (x86)/atmel/studio/7.0/toolchain/avr8/avr8-gnu-toolchain/bin/../lib/gcc/avr/4.9.2/../../../../avr/lib/avr5\libm.a(fixsfsi.o) (__fixunssfsi)
c:/program files (x86)/atmel/studio/7.0/toolchain/avr8/avr8-gnu-toolchain/bin/../lib/gcc/avr/4.9.2/../../../../avr/lib/avr5\libm.a(floatsisf.o)
                              Sketch.o (__floatsisf)
c:/program files (x86)/atmel/studio/7.0/toolchain/avr8/avr8-gnu-toolchain/bin/../lib/gcc/avr/4.9.2/../../../../avr/lib/avr5\libm.a(fp_inf.o)
                              c:/program files (x86)/atmel/studio/7.0/toolchain/avr8/avr8-gnu-toolchain/bin/../lib/gcc/avr/4.9.2/../../../../avr/lib/avr5\libm.a(addsf3x.o) (__fp_inf)
c:/program files (x86)/atmel/studio/7.0/toolchain/avr8/avr8-gnu-toolchain/bin/../lib/gcc/avr/4.9.2/../../../../avr/lib/avr5\libm.a(fp_nan.o)
                              c:/program files (x86)/atmel/studio/7.0/toolchain/avr8/avr8-gnu-toolchain/bin/../lib/gcc/avr/4.9.2/../../../../avr/lib/avr5\libm.a(addsf3x.o) (__fp_nan)
c:/program files (x86)/atmel/studio/7.0/toolchain/avr8/avr8-gnu-toolchain/bin/../lib/gcc/avr/4.9.2/../../../../avr/lib/avr5\libm.a(fp_pscA.o)
                              c:/program files (x86)/atmel/studio/7.0/toolchain/avr8/avr8-gnu-toolchain/bin/../lib/gcc/avr/4.9.2/../../../../avr/lib/avr5\libm.a(addsf3x.o) (__fp_pscA)
c:/program files (x86)/atmel/studio/7.0/toolchain/avr8/avr8-gnu-toolchain/bin/../lib/gcc/avr/4.9.2/../../../../avr/lib/avr5\libm.a(fp_pscB.o)
                              c:/program files (x86)/atmel/studio/7.0/toolchain/avr8/avr8-gnu-toolchain/bin/../lib/gcc/avr/4.9.2/../../../../avr/lib/avr5\libm.a(addsf3x.o) (__fp_pscB)
c:/program files (x86)/atmel/studio/7.0/toolchain/avr8/avr8-gnu-toolchain/bin/../lib/gcc/avr/4.9.2/../../../../avr/lib/avr5\libm.a(fp_round.o)
                              c:/program files (x86)/atmel/studio/7.0/toolchain/avr8/avr8-gnu-toolchain/bin/../lib/gcc/avr/4.9.2/../../../../avr/lib/avr5\libm.a(addsf3.o) (__fp_round)
c:/program files (x86)/atmel/studio/7.0/toolchain/avr8/avr8-gnu-toolchain/bin/../lib/gcc/avr/4.9.2/../../../../avr/lib/avr5\libm.a(fp_split3.o)
                              c:/program files (x86)/atmel/studio/7.0/toolchain/avr8/avr8-gnu-toolchain/bin/../lib/gcc/avr/4.9.2/../../../../avr/lib/avr5\libm.a(addsf3x.o) (__fp_split3)
c:/program files (x86)/atmel/studio/7.0/toolchain/avr8/avr8-gnu-toolchain/bin/../lib/gcc/avr/4.9.2/../../../../avr/lib/avr5\libm.a(fp_zero.o)
                              c:/program files (x86)/atmel/studio/7.0/toolchain/avr8/avr8-gnu-toolchain/bin/../lib/gcc/avr/4.9.2/../../../../avr/lib/avr5\libm.a(addsf3x.o) (__fp_zero)
c:/program files (x86)/atmel/studio/7.0/toolchain/avr8/avr8-gnu-toolchain/bin/../lib/gcc/avr/4.9.2/../../../../avr/lib/avr5\libm.a(log.o)
                              Sketch.o (log)
c:/program files (x86)/atmel/studio/7.0/toolchain/avr8/avr8-gnu-toolchain/bin/../lib/gcc/avr/4.9.2/../../../../avr/lib/avr5\libm.a(mulsf3.o)
                              Sketch.o (__mulsf3)
c:/program files (x86)/atmel/studio/7.0/toolchain/avr8/avr8-gnu-toolchain/bin/../lib/gcc/avr/4.9.2/../../../../avr/lib/avr5\libm.a(mulsf3x.o)
                              c:/program files (x86)/atmel/studio/7.0/toolchain/avr8/avr8-gnu-toolchain/bin/../lib/gcc/avr/4.9.2/../../../../avr/lib/avr5\libm.a(log.o) (__mulsf3x)
c:/program files (x86)/atmel/studio/7.0/toolchain/avr8/avr8-gnu-toolchain/bin/../lib/gcc/avr/4.9.2/../../../../avr/lib/avr5\libm.a(fp_mpack.o)
                              c:/program files (x86)/atmel/studio/7.0/toolchain/avr8/avr8-gnu-toolchain/bin/../lib/gcc/avr/4.9.2/../../../../avr/lib/avr5\libm.a(log.o) (__fp_mpack)
c:/program files (x86)/atmel/studio/7.0/toolchain/avr8/avr8-gnu-toolchain/bin/../lib/gcc/avr/4.9.2/../../../../avr/lib/avr5\libm.a(fp_powser.o)
                              c:/program files (x86)/atmel/studio/7.0/toolchain/avr8/avr8-gnu-toolchain/bin/../lib/gcc/avr/4.9.2/../../../../avr/lib/avr5\libm.a(log.o) (__fp_powser)
C:\Users\Asus\Documents\Atmel Studio\7.0\Assignment4\Assignment4\ArduinoCore\Debug\libArduinoCore.a(HardwareSerial.o)
                              Sketch.o (_ZN14HardwareSerial5beginEmh)
C:\Users\Asus\Documents\Atmel Studio\7.0\Assignment4\Assignment4\ArduinoCore\Debug\libArduinoCore.a(HardwareSerial0.o)
                              Sketch.o (Serial)
C:\Users\Asus\Documents\Atmel Studio\7.0\Assignment4\Assignment4\ArduinoCore\Debug\libArduinoCore.a(main.o)
                              C:/Program Files (x86)/Atmel/Studio/7.0/Packs/atmel/ATmega_DFP/1.0.106/gcc/dev/atmega328p/avr5/crtatmega328p.o (main)
C:\Users\Asus\Documents\Atmel Studio\7.0\Assignment4\Assignment4\ArduinoCore\Debug\libArduinoCore.a(Print.o)
                              C:\Users\Asus\Documents\Atmel Studio\7.0\Assignment4\Assignment4\ArduinoCore\Debug\libArduinoCore.a(HardwareSerial.o) (_ZN5Print5writeEPKhj)
C:\Users\Asus\Documents\Atmel Studio\7.0\Assignment4\Assignment4\ArduinoCore\Debug\libArduinoCore.a(wiring.o)
                              Sketch.o (delay)
C:\Users\Asus\Documents\Atmel Studio\7.0\Assignment4\Assignment4\ArduinoCore\Debug\libArduinoCore.a(wiring_analog.o)
                              Sketch.o (analogRead)
C:\Users\Asus\Documents\Atmel Studio\7.0\Assignment4\Assignment4\ArduinoCore\Debug\libArduinoCore.a(wiring_digital.o)
                              Sketch.o (pinMode)
C:\Users\Asus\Documents\Atmel Studio\7.0\Assignment4\Assignment4\ArduinoCore\Debug\libArduinoCore.a(abi.o)
                              C:\Users\Asus\Documents\Atmel Studio\7.0\Assignment4\Assignment4\ArduinoCore\Debug\libArduinoCore.a(Print.o) (__cxa_pure_virtual)
C:\Users\Asus\Documents\Atmel Studio\7.0\Assignment4\Assignment4\ArduinoCore\Debug\libArduinoCore.a(hooks.o)
                              C:\Users\Asus\Documents\Atmel Studio\7.0\Assignment4\Assignment4\ArduinoCore\Debug\libArduinoCore.a(wiring.o) (yield)
c:/program files (x86)/atmel/studio/7.0/toolchain/avr8/avr8-gnu-toolchain/bin/../lib/gcc/avr/4.9.2/../../../../avr/lib/avr5\libm.a(cmpsf2.o)
                              C:\Users\Asus\Documents\Atmel Studio\7.0\Assignment4\Assignment4\ArduinoCore\Debug\libArduinoCore.a(Print.o) (__ltsf2)
c:/program files (x86)/atmel/studio/7.0/toolchain/avr8/avr8-gnu-toolchain/bin/../lib/gcc/avr/4.9.2/../../../../avr/lib/avr5\libm.a(fp_cmp.o)
                              c:/program files (x86)/atmel/studio/7.0/toolchain/avr8/avr8-gnu-toolchain/bin/../lib/gcc/avr/4.9.2/../../../../avr/lib/avr5\libm.a(cmpsf2.o) (__fp_cmp)
c:/program files (x86)/atmel/studio/7.0/toolchain/avr8/avr8-gnu-toolchain/bin/../lib/gcc/avr/4.9.2/../../../../avr/lib/avr5\libm.a(gesf2.o)
                              C:\Users\Asus\Documents\Atmel Studio\7.0\Assignment4\Assignment4\ArduinoCore\Debug\libArduinoCore.a(Print.o) (__gtsf2)
c:/program files (x86)/atmel/studio/7.0/toolchain/avr8/avr8-gnu-toolchain/bin/../lib/gcc/avr/4.9.2/../../../../avr/lib/avr5\libm.a(unordsf2.o)
                              C:\Users\Asus\Documents\Atmel Studio\7.0\Assignment4\Assignment4\ArduinoCore\Debug\libArduinoCore.a(Print.o) (__unordsf2)
c:/program files (x86)/atmel/studio/7.0/toolchain/avr8/avr8-gnu-toolchain/bin/../lib/gcc/avr/4.9.2/avr5\libgcc.a(_divmodhi4.o)
                              Sketch.o (__divmodhi4)
c:/program files (x86)/atmel/studio/7.0/toolchain/avr8/avr8-gnu-toolchain/bin/../lib/gcc/avr/4.9.2/avr5\libgcc.a(_udivmodsi4.o)
                              C:\Users\Asus\Documents\Atmel Studio\7.0\Assignment4\Assignment4\ArduinoCore\Debug\libArduinoCore.a(HardwareSerial.o) (__udivmodsi4)
c:/program files (x86)/atmel/studio/7.0/toolchain/avr8/avr8-gnu-toolchain/bin/../lib/gcc/avr/4.9.2/avr5\libgcc.a(_exit.o)
                              C:/Program Files (x86)/Atmel/Studio/7.0/Packs/atmel/ATmega_DFP/1.0.106/gcc/dev/atmega328p/avr5/crtatmega328p.o (exit)
c:/program files (x86)/atmel/studio/7.0/toolchain/avr8/avr8-gnu-toolchain/bin/../lib/gcc/avr/4.9.2/avr5\libgcc.a(_copy_data.o)
                              Sketch.o (__do_copy_data)
c:/program files (x86)/atmel/studio/7.0/toolchain/avr8/avr8-gnu-toolchain/bin/../lib/gcc/avr/4.9.2/avr5\libgcc.a(_clear_bss.o)
                              Sketch.o (__do_clear_bss)
c:/program files (x86)/atmel/studio/7.0/toolchain/avr8/avr8-gnu-toolchain/bin/../lib/gcc/avr/4.9.2/avr5\libgcc.a(_ctors.o)
                              C:\Users\Asus\Documents\Atmel Studio\7.0\Assignment4\Assignment4\ArduinoCore\Debug\libArduinoCore.a(HardwareSerial0.o) (__do_global_ctors)
c:/program files (x86)/atmel/studio/7.0/toolchain/avr8/avr8-gnu-toolchain/bin/../lib/gcc/avr/4.9.2/avr5\libgcc.a(_udivmodhi4.o)
                              c:/program files (x86)/atmel/studio/7.0/toolchain/avr8/avr8-gnu-toolchain/bin/../lib/gcc/avr/4.9.2/avr5\libgcc.a(_divmodhi4.o) (__udivmodhi4)
c:/program files (x86)/atmel/studio/7.0/toolchain/avr8/avr8-gnu-toolchain/bin/../lib/gcc/avr/4.9.2/avr5\libgcc.a(_tablejump2.o)
                              c:/program files (x86)/atmel/studio/7.0/toolchain/avr8/avr8-gnu-toolchain/bin/../lib/gcc/avr/4.9.2/avr5\libgcc.a(_ctors.o) (__tablejump2__)
c:/program files (x86)/atmel/studio/7.0/toolchain/avr8/avr8-gnu-toolchain/bin/../lib/gcc/avr/4.9.2/../../../../avr/lib/avr5\libc.a(abort.o)
                              C:\Users\Asus\Documents\Atmel Studio\7.0\Assignment4\Assignment4\ArduinoCore\Debug\libArduinoCore.a(abi.o) (abort)

Discarded input sections

 .data          0x00000000        0x0 C:/Program Files (x86)/Atmel/Studio/7.0/Packs/atmel/ATmega_DFP/1.0.106/gcc/dev/atmega328p/avr5/crtatmega328p.o
 .bss           0x00000000        0x0 C:/Program Files (x86)/Atmel/Studio/7.0/Packs/atmel/ATmega_DFP/1.0.106/gcc/dev/atmega328p/avr5/crtatmega328p.o
 .text          0x00000000        0x0 Sketch.o
 .data          0x00000000        0x0 Sketch.o
 .bss           0x00000000        0x0 Sketch.o
 .bss.j         0x00000000        0x2 Sketch.o
 .text          0x00000000        0x0 c:/program files (x86)/atmel/studio/7.0/toolchain/avr8/avr8-gnu-toolchain/bin/../lib/gcc/avr/4.9.2/../../../../avr/lib/avr5\libm.a(addsf3.o)
 .data          0x00000000        0x0 c:/program files (x86)/atmel/studio/7.0/toolchain/avr8/avr8-gnu-toolchain/bin/../lib/gcc/avr/4.9.2/../../../../avr/lib/avr5\libm.a(addsf3.o)
 .bss           0x00000000        0x0 c:/program files (x86)/atmel/studio/7.0/toolchain/avr8/avr8-gnu-toolchain/bin/../lib/gcc/avr/4.9.2/../../../../avr/lib/avr5\libm.a(addsf3.o)
 .text          0x00000000        0x0 c:/program files (x86)/atmel/studio/7.0/toolchain/avr8/avr8-gnu-toolchain/bin/../lib/gcc/avr/4.9.2/../../../../avr/lib/avr5\libm.a(addsf3x.o)
 .data          0x00000000        0x0 c:/program files (x86)/atmel/studio/7.0/toolchain/avr8/avr8-gnu-toolchain/bin/../lib/gcc/avr/4.9.2/../../../../avr/lib/avr5\libm.a(addsf3x.o)
 .bss           0x00000000        0x0 c:/program files (x86)/atmel/studio/7.0/toolchain/avr8/avr8-gnu-toolchain/bin/../lib/gcc/avr/4.9.2/../../../../avr/lib/avr5\libm.a(addsf3x.o)
 .text          0x00000000        0x0 c:/program files (x86)/atmel/studio/7.0/toolchain/avr8/avr8-gnu-toolchain/bin/../lib/gcc/avr/4.9.2/../../../../avr/lib/avr5\libm.a(divsf3.o)
 .data          0x00000000        0x0 c:/program files (x86)/atmel/studio/7.0/toolchain/avr8/avr8-gnu-toolchain/bin/../lib/gcc/avr/4.9.2/../../../../avr/lib/avr5\libm.a(divsf3.o)
 .bss           0x00000000        0x0 c:/program files (x86)/atmel/studio/7.0/toolchain/avr8/avr8-gnu-toolchain/bin/../lib/gcc/avr/4.9.2/../../../../avr/lib/avr5\libm.a(divsf3.o)
 .text          0x00000000        0x0 c:/program files (x86)/atmel/studio/7.0/toolchain/avr8/avr8-gnu-toolchain/bin/../lib/gcc/avr/4.9.2/../../../../avr/lib/avr5\libm.a(divsf3x.o)
 .data          0x00000000        0x0 c:/program files (x86)/atmel/studio/7.0/toolchain/avr8/avr8-gnu-toolchain/bin/../lib/gcc/avr/4.9.2/../../../../avr/lib/avr5\libm.a(divsf3x.o)
 .bss           0x00000000        0x0 c:/program files (x86)/atmel/studio/7.0/toolchain/avr8/avr8-gnu-toolchain/bin/../lib/gcc/avr/4.9.2/../../../../avr/lib/avr5\libm.a(divsf3x.o)
 .text          0x00000000        0x0 c:/program files (x86)/atmel/studio/7.0/toolchain/avr8/avr8-gnu-toolchain/bin/../lib/gcc/avr/4.9.2/../../../../avr/lib/avr5\libm.a(fixsfsi.o)
 .data          0x00000000        0x0 c:/program files (x86)/atmel/studio/7.0/toolchain/avr8/avr8-gnu-toolchain/bin/../lib/gcc/avr/4.9.2/../../../../avr/lib/avr5\libm.a(fixsfsi.o)
 .bss           0x00000000        0x0 c:/program files (x86)/atmel/studio/7.0/toolchain/avr8/avr8-gnu-toolchain/bin/../lib/gcc/avr/4.9.2/../../../../avr/lib/avr5\libm.a(fixsfsi.o)
 .text          0x00000000        0x0 c:/program files (x86)/atmel/studio/7.0/toolchain/avr8/avr8-gnu-toolchain/bin/../lib/gcc/avr/4.9.2/../../../../avr/lib/avr5\libm.a(fixunssfsi.o)
 .data          0x00000000        0x0 c:/program files (x86)/atmel/studio/7.0/toolchain/avr8/avr8-gnu-toolchain/bin/../lib/gcc/avr/4.9.2/../../../../avr/lib/avr5\libm.a(fixunssfsi.o)
 .bss           0x00000000        0x0 c:/program files (x86)/atmel/studio/7.0/toolchain/avr8/avr8-gnu-toolchain/bin/../lib/gcc/avr/4.9.2/../../../../avr/lib/avr5\libm.a(fixunssfsi.o)
 .text          0x00000000        0x0 c:/program files (x86)/atmel/studio/7.0/toolchain/avr8/avr8-gnu-toolchain/bin/../lib/gcc/avr/4.9.2/../../../../avr/lib/avr5\libm.a(floatsisf.o)
 .data          0x00000000        0x0 c:/program files (x86)/atmel/studio/7.0/toolchain/avr8/avr8-gnu-toolchain/bin/../lib/gcc/avr/4.9.2/../../../../avr/lib/avr5\libm.a(floatsisf.o)
 .bss           0x00000000        0x0 c:/program files (x86)/atmel/studio/7.0/toolchain/avr8/avr8-gnu-toolchain/bin/../lib/gcc/avr/4.9.2/../../../../avr/lib/avr5\libm.a(floatsisf.o)
 .text          0x00000000        0x0 c:/program files (x86)/atmel/studio/7.0/toolchain/avr8/avr8-gnu-toolchain/bin/../lib/gcc/avr/4.9.2/../../../../avr/lib/avr5\libm.a(fp_inf.o)
 .data          0x00000000        0x0 c:/program files (x86)/atmel/studio/7.0/toolchain/avr8/avr8-gnu-toolchain/bin/../lib/gcc/avr/4.9.2/../../../../avr/lib/avr5\libm.a(fp_inf.o)
 .bss           0x00000000        0x0 c:/program files (x86)/atmel/studio/7.0/toolchain/avr8/avr8-gnu-toolchain/bin/../lib/gcc/avr/4.9.2/../../../../avr/lib/avr5\libm.a(fp_inf.o)
 .text          0x00000000        0x0 c:/program files (x86)/atmel/studio/7.0/toolchain/avr8/avr8-gnu-toolchain/bin/../lib/gcc/avr/4.9.2/../../../../avr/lib/avr5\libm.a(fp_nan.o)
 .data          0x00000000        0x0 c:/program files (x86)/atmel/studio/7.0/toolchain/avr8/avr8-gnu-toolchain/bin/../lib/gcc/avr/4.9.2/../../../../avr/lib/avr5\libm.a(fp_nan.o)
 .bss           0x00000000        0x0 c:/program files (x86)/atmel/studio/7.0/toolchain/avr8/avr8-gnu-toolchain/bin/../lib/gcc/avr/4.9.2/../../../../avr/lib/avr5\libm.a(fp_nan.o)
 .text          0x00000000        0x0 c:/program files (x86)/atmel/studio/7.0/toolchain/avr8/avr8-gnu-toolchain/bin/../lib/gcc/avr/4.9.2/../../../../avr/lib/avr5\libm.a(fp_pscA.o)
 .data          0x00000000        0x0 c:/program files (x86)/atmel/studio/7.0/toolchain/avr8/avr8-gnu-toolchain/bin/../lib/gcc/avr/4.9.2/../../../../avr/lib/avr5\libm.a(fp_pscA.o)
 .bss           0x00000000        0x0 c:/program files (x86)/atmel/studio/7.0/toolchain/avr8/avr8-gnu-toolchain/bin/../lib/gcc/avr/4.9.2/../../../../avr/lib/avr5\libm.a(fp_pscA.o)
 .text          0x00000000        0x0 c:/program files (x86)/atmel/studio/7.0/toolchain/avr8/avr8-gnu-toolchain/bin/../lib/gcc/avr/4.9.2/../../../../avr/lib/avr5\libm.a(fp_pscB.o)
 .data          0x00000000        0x0 c:/program files (x86)/atmel/studio/7.0/toolchain/avr8/avr8-gnu-toolchain/bin/../lib/gcc/avr/4.9.2/../../../../avr/lib/avr5\libm.a(fp_pscB.o)
 .bss           0x00000000        0x0 c:/program files (x86)/atmel/studio/7.0/toolchain/avr8/avr8-gnu-toolchain/bin/../lib/gcc/avr/4.9.2/../../../../avr/lib/avr5\libm.a(fp_pscB.o)
 .text          0x00000000        0x0 c:/program files (x86)/atmel/studio/7.0/toolchain/avr8/avr8-gnu-toolchain/bin/../lib/gcc/avr/4.9.2/../../../../avr/lib/avr5\libm.a(fp_round.o)
 .data          0x00000000        0x0 c:/program files (x86)/atmel/studio/7.0/toolchain/avr8/avr8-gnu-toolchain/bin/../lib/gcc/avr/4.9.2/../../../../avr/lib/avr5\libm.a(fp_round.o)
 .bss           0x00000000        0x0 c:/program files (x86)/atmel/studio/7.0/toolchain/avr8/avr8-gnu-toolchain/bin/../lib/gcc/avr/4.9.2/../../../../avr/lib/avr5\libm.a(fp_round.o)
 .text          0x00000000        0x0 c:/program files (x86)/atmel/studio/7.0/toolchain/avr8/avr8-gnu-toolchain/bin/../lib/gcc/avr/4.9.2/../../../../avr/lib/avr5\libm.a(fp_split3.o)
 .data          0x00000000        0x0 c:/program files (x86)/atmel/studio/7.0/toolchain/avr8/avr8-gnu-toolchain/bin/../lib/gcc/avr/4.9.2/../../../../avr/lib/avr5\libm.a(fp_split3.o)
 .bss           0x00000000        0x0 c:/program files (x86)/atmel/studio/7.0/toolchain/avr8/avr8-gnu-toolchain/bin/../lib/gcc/avr/4.9.2/../../../../avr/lib/avr5\libm.a(fp_split3.o)
 .text          0x00000000        0x0 c:/program files (x86)/atmel/studio/7.0/toolchain/avr8/avr8-gnu-toolchain/bin/../lib/gcc/avr/4.9.2/../../../../avr/lib/avr5\libm.a(fp_zero.o)
 .data          0x00000000        0x0 c:/program files (x86)/atmel/studio/7.0/toolchain/avr8/avr8-gnu-toolchain/bin/../lib/gcc/avr/4.9.2/../../../../avr/lib/avr5\libm.a(fp_zero.o)
 .bss           0x00000000        0x0 c:/program files (x86)/atmel/studio/7.0/toolchain/avr8/avr8-gnu-toolchain/bin/../lib/gcc/avr/4.9.2/../../../../avr/lib/avr5\libm.a(fp_zero.o)
 .text          0x00000000        0x0 c:/program files (x86)/atmel/studio/7.0/toolchain/avr8/avr8-gnu-toolchain/bin/../lib/gcc/avr/4.9.2/../../../../avr/lib/avr5\libm.a(log.o)
 .data          0x00000000        0x0 c:/program files (x86)/atmel/studio/7.0/toolchain/avr8/avr8-gnu-toolchain/bin/../lib/gcc/avr/4.9.2/../../../../avr/lib/avr5\libm.a(log.o)
 .bss           0x00000000        0x0 c:/program files (x86)/atmel/studio/7.0/toolchain/avr8/avr8-gnu-toolchain/bin/../lib/gcc/avr/4.9.2/../../../../avr/lib/avr5\libm.a(log.o)
 .text          0x00000000        0x0 c:/program files (x86)/atmel/studio/7.0/toolchain/avr8/avr8-gnu-toolchain/bin/../lib/gcc/avr/4.9.2/../../../../avr/lib/avr5\libm.a(mulsf3.o)
 .data          0x00000000        0x0 c:/program files (x86)/atmel/studio/7.0/toolchain/avr8/avr8-gnu-toolchain/bin/../lib/gcc/avr/4.9.2/../../../../avr/lib/avr5\libm.a(mulsf3.o)
 .bss           0x00000000        0x0 c:/program files (x86)/atmel/studio/7.0/toolchain/avr8/avr8-gnu-toolchain/bin/../lib/gcc/avr/4.9.2/../../../../avr/lib/avr5\libm.a(mulsf3.o)
 .text          0x00000000        0x0 c:/program files (x86)/atmel/studio/7.0/toolchain/avr8/avr8-gnu-toolchain/bin/../lib/gcc/avr/4.9.2/../../../../avr/lib/avr5\libm.a(mulsf3x.o)
 .data          0x00000000        0x0 c:/program files (x86)/atmel/studio/7.0/toolchain/avr8/avr8-gnu-toolchain/bin/../lib/gcc/avr/4.9.2/../../../../avr/lib/avr5\libm.a(mulsf3x.o)
 .bss           0x00000000        0x0 c:/program files (x86)/atmel/studio/7.0/toolchain/avr8/avr8-gnu-toolchain/bin/../lib/gcc/avr/4.9.2/../../../../avr/lib/avr5\libm.a(mulsf3x.o)
 .text          0x00000000        0x0 c:/program files (x86)/atmel/studio/7.0/toolchain/avr8/avr8-gnu-toolchain/bin/../lib/gcc/avr/4.9.2/../../../../avr/lib/avr5\libm.a(fp_mpack.o)
 .data          0x00000000        0x0 c:/program files (x86)/atmel/studio/7.0/toolchain/avr8/avr8-gnu-toolchain/bin/../lib/gcc/avr/4.9.2/../../../../avr/lib/avr5\libm.a(fp_mpack.o)
 .bss           0x00000000        0x0 c:/program files (x86)/atmel/studio/7.0/toolchain/avr8/avr8-gnu-toolchain/bin/../lib/gcc/avr/4.9.2/../../../../avr/lib/avr5\libm.a(fp_mpack.o)
 .text          0x00000000        0x0 c:/program files (x86)/atmel/studio/7.0/toolchain/avr8/avr8-gnu-toolchain/bin/../lib/gcc/avr/4.9.2/../../../../avr/lib/avr5\libm.a(fp_powser.o)
 .data          0x00000000        0x0 c:/program files (x86)/atmel/studio/7.0/toolchain/avr8/avr8-gnu-toolchain/bin/../lib/gcc/avr/4.9.2/../../../../avr/lib/avr5\libm.a(fp_powser.o)
 .bss           0x00000000        0x0 c:/program files (x86)/atmel/studio/7.0/toolchain/avr8/avr8-gnu-toolchain/bin/../lib/gcc/avr/4.9.2/../../../../avr/lib/avr5\libm.a(fp_powser.o)
 .group         0x00000000        0x8 C:\Users\Asus\Documents\Atmel Studio\7.0\Assignment4\Assignment4\ArduinoCore\Debug\libArduinoCore.a(HardwareSerial.o)
 .text          0x00000000        0x0 C:\Users\Asus\Documents\Atmel Studio\7.0\Assignment4\Assignment4\ArduinoCore\Debug\libArduinoCore.a(HardwareSerial.o)
 .data          0x00000000        0x0 C:\Users\Asus\Documents\Atmel Studio\7.0\Assignment4\Assignment4\ArduinoCore\Debug\libArduinoCore.a(HardwareSerial.o)
 .bss           0x00000000        0x0 C:\Users\Asus\Documents\Atmel Studio\7.0\Assignment4\Assignment4\ArduinoCore\Debug\libArduinoCore.a(HardwareSerial.o)
 .text._ZN14HardwareSerial3endEv
                0x00000000       0x44 C:\Users\Asus\Documents\Atmel Studio\7.0\Assignment4\Assignment4\ArduinoCore\Debug\libArduinoCore.a(HardwareSerial.o)
 .text._ZN14HardwareSerial17availableForWriteEv
                0x00000000       0x1e C:\Users\Asus\Documents\Atmel Studio\7.0\Assignment4\Assignment4\ArduinoCore\Debug\libArduinoCore.a(HardwareSerial.o)
 .text          0x00000000        0x0 C:\Users\Asus\Documents\Atmel Studio\7.0\Assignment4\Assignment4\ArduinoCore\Debug\libArduinoCore.a(HardwareSerial0.o)
 .data          0x00000000        0x0 C:\Users\Asus\Documents\Atmel Studio\7.0\Assignment4\Assignment4\ArduinoCore\Debug\libArduinoCore.a(HardwareSerial0.o)
 .bss           0x00000000        0x0 C:\Users\Asus\Documents\Atmel Studio\7.0\Assignment4\Assignment4\ArduinoCore\Debug\libArduinoCore.a(HardwareSerial0.o)
 .text          0x00000000        0x0 C:\Users\Asus\Documents\Atmel Studio\7.0\Assignment4\Assignment4\ArduinoCore\Debug\libArduinoCore.a(main.o)
 .data          0x00000000        0x0 C:\Users\Asus\Documents\Atmel Studio\7.0\Assignment4\Assignment4\ArduinoCore\Debug\libArduinoCore.a(main.o)
 .bss           0x00000000        0x0 C:\Users\Asus\Documents\Atmel Studio\7.0\Assignment4\Assignment4\ArduinoCore\Debug\libArduinoCore.a(main.o)
 .text.atexit   0x00000000        0x6 C:\Users\Asus\Documents\Atmel Studio\7.0\Assignment4\Assignment4\ArduinoCore\Debug\libArduinoCore.a(main.o)
 .text._Z8setupUSBv
                0x00000000        0x2 C:\Users\Asus\Documents\Atmel Studio\7.0\Assignment4\Assignment4\ArduinoCore\Debug\libArduinoCore.a(main.o)
 .group         0x00000000        0x8 C:\Users\Asus\Documents\Atmel Studio\7.0\Assignment4\Assignment4\ArduinoCore\Debug\libArduinoCore.a(Print.o)
 .group         0x00000000        0x8 C:\Users\Asus\Documents\Atmel Studio\7.0\Assignment4\Assignment4\ArduinoCore\Debug\libArduinoCore.a(Print.o)
 .text          0x00000000        0x0 C:\Users\Asus\Documents\Atmel Studio\7.0\Assignment4\Assignment4\ArduinoCore\Debug\libArduinoCore.a(Print.o)
 .data          0x00000000        0x0 C:\Users\Asus\Documents\Atmel Studio\7.0\Assignment4\Assignment4\ArduinoCore\Debug\libArduinoCore.a(Print.o)
 .bss           0x00000000        0x0 C:\Users\Asus\Documents\Atmel Studio\7.0\Assignment4\Assignment4\ArduinoCore\Debug\libArduinoCore.a(Print.o)
 .text._ZN5Print5printEPK19__FlashStringHelper
                0x00000000       0x48 C:\Users\Asus\Documents\Atmel Studio\7.0\Assignment4\Assignment4\ArduinoCore\Debug\libArduinoCore.a(Print.o)
 .text._ZN5Print5printERK6String
                0x00000000       0x1c C:\Users\Asus\Documents\Atmel Studio\7.0\Assignment4\Assignment4\ArduinoCore\Debug\libArduinoCore.a(Print.o)
 .text._ZN5Print5printERK9Printable
                0x00000000       0x14 C:\Users\Asus\Documents\Atmel Studio\7.0\Assignment4\Assignment4\ArduinoCore\Debug\libArduinoCore.a(Print.o)
 .text._ZN5Print7printlnEPK19__FlashStringHelper
                0x00000000       0x24 C:\Users\Asus\Documents\Atmel Studio\7.0\Assignment4\Assignment4\ArduinoCore\Debug\libArduinoCore.a(Print.o)
 .text._ZN5Print7printlnERK6String
                0x00000000       0x24 C:\Users\Asus\Documents\Atmel Studio\7.0\Assignment4\Assignment4\ArduinoCore\Debug\libArduinoCore.a(Print.o)
 .text._ZN5Print7printlnEc
                0x00000000       0x24 C:\Users\Asus\Documents\Atmel Studio\7.0\Assignment4\Assignment4\ArduinoCore\Debug\libArduinoCore.a(Print.o)
 .text._ZN5Print7printlnERK9Printable
                0x00000000       0x24 C:\Users\Asus\Documents\Atmel Studio\7.0\Assignment4\Assignment4\ArduinoCore\Debug\libArduinoCore.a(Print.o)
 .text._ZN5Print7printlnEii
                0x00000000       0x2e C:\Users\Asus\Documents\Atmel Studio\7.0\Assignment4\Assignment4\ArduinoCore\Debug\libArduinoCore.a(Print.o)
 .text._ZN5Print7printlnEli
                0x00000000       0x24 C:\Users\Asus\Documents\Atmel Studio\7.0\Assignment4\Assignment4\ArduinoCore\Debug\libArduinoCore.a(Print.o)
 .text._ZN5Print5printEmi
                0x00000000       0x1a C:\Users\Asus\Documents\Atmel Studio\7.0\Assignment4\Assignment4\ArduinoCore\Debug\libArduinoCore.a(Print.o)
 .text._ZN5Print5printEhi
                0x00000000        0xe C:\Users\Asus\Documents\Atmel Studio\7.0\Assignment4\Assignment4\ArduinoCore\Debug\libArduinoCore.a(Print.o)
 .text._ZN5Print7printlnEhi
                0x00000000       0x2e C:\Users\Asus\Documents\Atmel Studio\7.0\Assignment4\Assignment4\ArduinoCore\Debug\libArduinoCore.a(Print.o)
 .text._ZN5Print5printEji
                0x00000000        0xc C:\Users\Asus\Documents\Atmel Studio\7.0\Assignment4\Assignment4\ArduinoCore\Debug\libArduinoCore.a(Print.o)
 .text._ZN5Print7printlnEji
                0x00000000       0x2c C:\Users\Asus\Documents\Atmel Studio\7.0\Assignment4\Assignment4\ArduinoCore\Debug\libArduinoCore.a(Print.o)
 .text._ZN5Print7printlnEmi
                0x00000000       0x24 C:\Users\Asus\Documents\Atmel Studio\7.0\Assignment4\Assignment4\ArduinoCore\Debug\libArduinoCore.a(Print.o)
 .text._ZN5Print7printlnEdi
                0x00000000       0x24 C:\Users\Asus\Documents\Atmel Studio\7.0\Assignment4\Assignment4\ArduinoCore\Debug\libArduinoCore.a(Print.o)
 .rodata._ZTV5Print
                0x00000000        0x8 C:\Users\Asus\Documents\Atmel Studio\7.0\Assignment4\Assignment4\ArduinoCore\Debug\libArduinoCore.a(Print.o)
 .text          0x00000000        0x0 C:\Users\Asus\Documents\Atmel Studio\7.0\Assignment4\Assignment4\ArduinoCore\Debug\libArduinoCore.a(wiring.o)
 .data          0x00000000        0x0 C:\Users\Asus\Documents\Atmel Studio\7.0\Assignment4\Assignment4\ArduinoCore\Debug\libArduinoCore.a(wiring.o)
 .bss           0x00000000        0x0 C:\Users\Asus\Documents\Atmel Studio\7.0\Assignment4\Assignment4\ArduinoCore\Debug\libArduinoCore.a(wiring.o)
 .text.millis   0x00000000       0x18 C:\Users\Asus\Documents\Atmel Studio\7.0\Assignment4\Assignment4\ArduinoCore\Debug\libArduinoCore.a(wiring.o)
 .text.delayMicroseconds
                0x00000000       0x16 C:\Users\Asus\Documents\Atmel Studio\7.0\Assignment4\Assignment4\ArduinoCore\Debug\libArduinoCore.a(wiring.o)
 .text          0x00000000        0x0 C:\Users\Asus\Documents\Atmel Studio\7.0\Assignment4\Assignment4\ArduinoCore\Debug\libArduinoCore.a(wiring_analog.o)
 .data          0x00000000        0x0 C:\Users\Asus\Documents\Atmel Studio\7.0\Assignment4\Assignment4\ArduinoCore\Debug\libArduinoCore.a(wiring_analog.o)
 .bss           0x00000000        0x0 C:\Users\Asus\Documents\Atmel Studio\7.0\Assignment4\Assignment4\ArduinoCore\Debug\libArduinoCore.a(wiring_analog.o)
 .text.analogReference
                0x00000000        0x6 C:\Users\Asus\Documents\Atmel Studio\7.0\Assignment4\Assignment4\ArduinoCore\Debug\libArduinoCore.a(wiring_analog.o)
 .text.analogWrite
                0x00000000       0xbe C:\Users\Asus\Documents\Atmel Studio\7.0\Assignment4\Assignment4\ArduinoCore\Debug\libArduinoCore.a(wiring_analog.o)
 .text          0x00000000        0x0 C:\Users\Asus\Documents\Atmel Studio\7.0\Assignment4\Assignment4\ArduinoCore\Debug\libArduinoCore.a(wiring_digital.o)
 .data          0x00000000        0x0 C:\Users\Asus\Documents\Atmel Studio\7.0\Assignment4\Assignment4\ArduinoCore\Debug\libArduinoCore.a(wiring_digital.o)
 .bss           0x00000000        0x0 C:\Users\Asus\Documents\Atmel Studio\7.0\Assignment4\Assignment4\ArduinoCore\Debug\libArduinoCore.a(wiring_digital.o)
 .text.digitalRead
                0x00000000       0x52 C:\Users\Asus\Documents\Atmel Studio\7.0\Assignment4\Assignment4\ArduinoCore\Debug\libArduinoCore.a(wiring_digital.o)
 .progmem.data.port_to_input_PGM
                0x00000000        0xa C:\Users\Asus\Documents\Atmel Studio\7.0\Assignment4\Assignment4\ArduinoCore\Debug\libArduinoCore.a(wiring_digital.o)
 .text          0x00000000        0x0 C:\Users\Asus\Documents\Atmel Studio\7.0\Assignment4\Assignment4\ArduinoCore\Debug\libArduinoCore.a(abi.o)
 .data          0x00000000        0x0 C:\Users\Asus\Documents\Atmel Studio\7.0\Assignment4\Assignment4\ArduinoCore\Debug\libArduinoCore.a(abi.o)
 .bss           0x00000000        0x0 C:\Users\Asus\Documents\Atmel Studio\7.0\Assignment4\Assignment4\ArduinoCore\Debug\libArduinoCore.a(abi.o)
 .text.__cxa_pure_virtual
                0x00000000        0x4 C:\Users\Asus\Documents\Atmel Studio\7.0\Assignment4\Assignment4\ArduinoCore\Debug\libArduinoCore.a(abi.o)
 .text.__cxa_deleted_virtual
                0x00000000        0x4 C:\Users\Asus\Documents\Atmel Studio\7.0\Assignment4\Assignment4\ArduinoCore\Debug\libArduinoCore.a(abi.o)
 .debug_info    0x00000000       0x8e C:\Users\Asus\Documents\Atmel Studio\7.0\Assignment4\Assignment4\ArduinoCore\Debug\libArduinoCore.a(abi.o)
 .debug_abbrev  0x00000000       0x5e C:\Users\Asus\Documents\Atmel Studio\7.0\Assignment4\Assignment4\ArduinoCore\Debug\libArduinoCore.a(abi.o)
 .debug_aranges
                0x00000000       0x28 C:\Users\Asus\Documents\Atmel Studio\7.0\Assignment4\Assignment4\ArduinoCore\Debug\libArduinoCore.a(abi.o)
 .debug_ranges  0x00000000       0x18 C:\Users\Asus\Documents\Atmel Studio\7.0\Assignment4\Assignment4\ArduinoCore\Debug\libArduinoCore.a(abi.o)
 .debug_line    0x00000000       0xbf C:\Users\Asus\Documents\Atmel Studio\7.0\Assignment4\Assignment4\ArduinoCore\Debug\libArduinoCore.a(abi.o)
 .debug_str     0x00000000      0x1ad C:\Users\Asus\Documents\Atmel Studio\7.0\Assignment4\Assignment4\ArduinoCore\Debug\libArduinoCore.a(abi.o)
 .comment       0x00000000       0x31 C:\Users\Asus\Documents\Atmel Studio\7.0\Assignment4\Assignment4\ArduinoCore\Debug\libArduinoCore.a(abi.o)
 .debug_frame   0x00000000       0x34 C:\Users\Asus\Documents\Atmel Studio\7.0\Assignment4\Assignment4\ArduinoCore\Debug\libArduinoCore.a(abi.o)
 .text          0x00000000        0x0 C:\Users\Asus\Documents\Atmel Studio\7.0\Assignment4\Assignment4\ArduinoCore\Debug\libArduinoCore.a(hooks.o)
 .data          0x00000000        0x0 C:\Users\Asus\Documents\Atmel Studio\7.0\Assignment4\Assignment4\ArduinoCore\Debug\libArduinoCore.a(hooks.o)
 .bss           0x00000000        0x0 C:\Users\Asus\Documents\Atmel Studio\7.0\Assignment4\Assignment4\ArduinoCore\Debug\libArduinoCore.a(hooks.o)
 .text          0x00000000        0x0 c:/program files (x86)/atmel/studio/7.0/toolchain/avr8/avr8-gnu-toolchain/bin/../lib/gcc/avr/4.9.2/../../../../avr/lib/avr5\libm.a(cmpsf2.o)
 .data          0x00000000        0x0 c:/program files (x86)/atmel/studio/7.0/toolchain/avr8/avr8-gnu-toolchain/bin/../lib/gcc/avr/4.9.2/../../../../avr/lib/avr5\libm.a(cmpsf2.o)
 .bss           0x00000000        0x0 c:/program files (x86)/atmel/studio/7.0/toolchain/avr8/avr8-gnu-toolchain/bin/../lib/gcc/avr/4.9.2/../../../../avr/lib/avr5\libm.a(cmpsf2.o)
 .text          0x00000000        0x0 c:/program files (x86)/atmel/studio/7.0/toolchain/avr8/avr8-gnu-toolchain/bin/../lib/gcc/avr/4.9.2/../../../../avr/lib/avr5\libm.a(fp_cmp.o)
 .data          0x00000000        0x0 c:/program files (x86)/atmel/studio/7.0/toolchain/avr8/avr8-gnu-toolchain/bin/../lib/gcc/avr/4.9.2/../../../../avr/lib/avr5\libm.a(fp_cmp.o)
 .bss           0x00000000        0x0 c:/program files (x86)/atmel/studio/7.0/toolchain/avr8/avr8-gnu-toolchain/bin/../lib/gcc/avr/4.9.2/../../../../avr/lib/avr5\libm.a(fp_cmp.o)
 .text          0x00000000        0x0 c:/program files (x86)/atmel/studio/7.0/toolchain/avr8/avr8-gnu-toolchain/bin/../lib/gcc/avr/4.9.2/../../../../avr/lib/avr5\libm.a(gesf2.o)
 .data          0x00000000        0x0 c:/program files (x86)/atmel/studio/7.0/toolchain/avr8/avr8-gnu-toolchain/bin/../lib/gcc/avr/4.9.2/../../../../avr/lib/avr5\libm.a(gesf2.o)
 .bss           0x00000000        0x0 c:/program files (x86)/atmel/studio/7.0/toolchain/avr8/avr8-gnu-toolchain/bin/../lib/gcc/avr/4.9.2/../../../../avr/lib/avr5\libm.a(gesf2.o)
 .text          0x00000000        0x0 c:/program files (x86)/atmel/studio/7.0/toolchain/avr8/avr8-gnu-toolchain/bin/../lib/gcc/avr/4.9.2/../../../../avr/lib/avr5\libm.a(unordsf2.o)
 .data          0x00000000        0x0 c:/program files (x86)/atmel/studio/7.0/toolchain/avr8/avr8-gnu-toolchain/bin/../lib/gcc/avr/4.9.2/../../../../avr/lib/avr5\libm.a(unordsf2.o)
 .bss           0x00000000        0x0 c:/program files (x86)/atmel/studio/7.0/toolchain/avr8/avr8-gnu-toolchain/bin/../lib/gcc/avr/4.9.2/../../../../avr/lib/avr5\libm.a(unordsf2.o)
 .text          0x00000000        0x0 c:/program files (x86)/atmel/studio/7.0/toolchain/avr8/avr8-gnu-toolchain/bin/../lib/gcc/avr/4.9.2/avr5\libgcc.a(_divmodhi4.o)
 .data          0x00000000        0x0 c:/program files (x86)/atmel/studio/7.0/toolchain/avr8/avr8-gnu-toolchain/bin/../lib/gcc/avr/4.9.2/avr5\libgcc.a(_divmodhi4.o)
 .bss           0x00000000        0x0 c:/program files (x86)/atmel/studio/7.0/toolchain/avr8/avr8-gnu-toolchain/bin/../lib/gcc/avr/4.9.2/avr5\libgcc.a(_divmodhi4.o)
 .text.libgcc.mul
                0x00000000        0x0 c:/program files (x86)/atmel/studio/7.0/toolchain/avr8/avr8-gnu-toolchain/bin/../lib/gcc/avr/4.9.2/avr5\libgcc.a(_divmodhi4.o)
 .text.libgcc   0x00000000        0x0 c:/program files (x86)/atmel/studio/7.0/toolchain/avr8/avr8-gnu-toolchain/bin/../lib/gcc/avr/4.9.2/avr5\libgcc.a(_divmodhi4.o)
 .text.libgcc.prologue
                0x00000000        0x0 c:/program files (x86)/atmel/studio/7.0/toolchain/avr8/avr8-gnu-toolchain/bin/../lib/gcc/avr/4.9.2/avr5\libgcc.a(_divmodhi4.o)
 .text.libgcc.builtins
                0x00000000        0x0 c:/program files (x86)/atmel/studio/7.0/toolchain/avr8/avr8-gnu-toolchain/bin/../lib/gcc/avr/4.9.2/avr5\libgcc.a(_divmodhi4.o)
 .text.libgcc.fmul
                0x00000000        0x0 c:/program files (x86)/atmel/studio/7.0/toolchain/avr8/avr8-gnu-toolchain/bin/../lib/gcc/avr/4.9.2/avr5\libgcc.a(_divmodhi4.o)
 .text.libgcc.fixed
                0x00000000        0x0 c:/program files (x86)/atmel/studio/7.0/toolchain/avr8/avr8-gnu-toolchain/bin/../lib/gcc/avr/4.9.2/avr5\libgcc.a(_divmodhi4.o)
 .text          0x00000000        0x0 c:/program files (x86)/atmel/studio/7.0/toolchain/avr8/avr8-gnu-toolchain/bin/../lib/gcc/avr/4.9.2/avr5\libgcc.a(_udivmodsi4.o)
 .data          0x00000000        0x0 c:/program files (x86)/atmel/studio/7.0/toolchain/avr8/avr8-gnu-toolchain/bin/../lib/gcc/avr/4.9.2/avr5\libgcc.a(_udivmodsi4.o)
 .bss           0x00000000        0x0 c:/program files (x86)/atmel/studio/7.0/toolchain/avr8/avr8-gnu-toolchain/bin/../lib/gcc/avr/4.9.2/avr5\libgcc.a(_udivmodsi4.o)
 .text.libgcc.mul
                0x00000000        0x0 c:/program files (x86)/atmel/studio/7.0/toolchain/avr8/avr8-gnu-toolchain/bin/../lib/gcc/avr/4.9.2/avr5\libgcc.a(_udivmodsi4.o)
 .text.libgcc   0x00000000        0x0 c:/program files (x86)/atmel/studio/7.0/toolchain/avr8/avr8-gnu-toolchain/bin/../lib/gcc/avr/4.9.2/avr5\libgcc.a(_udivmodsi4.o)
 .text.libgcc.prologue
                0x00000000        0x0 c:/program files (x86)/atmel/studio/7.0/toolchain/avr8/avr8-gnu-toolchain/bin/../lib/gcc/avr/4.9.2/avr5\libgcc.a(_udivmodsi4.o)
 .text.libgcc.builtins
                0x00000000        0x0 c:/program files (x86)/atmel/studio/7.0/toolchain/avr8/avr8-gnu-toolchain/bin/../lib/gcc/avr/4.9.2/avr5\libgcc.a(_udivmodsi4.o)
 .text.libgcc.fmul
                0x00000000        0x0 c:/program files (x86)/atmel/studio/7.0/toolchain/avr8/avr8-gnu-toolchain/bin/../lib/gcc/avr/4.9.2/avr5\libgcc.a(_udivmodsi4.o)
 .text.libgcc.fixed
                0x00000000        0x0 c:/program files (x86)/atmel/studio/7.0/toolchain/avr8/avr8-gnu-toolchain/bin/../lib/gcc/avr/4.9.2/avr5\libgcc.a(_udivmodsi4.o)
 .text          0x00000000        0x0 c:/program files (x86)/atmel/studio/7.0/toolchain/avr8/avr8-gnu-toolchain/bin/../lib/gcc/avr/4.9.2/avr5\libgcc.a(_exit.o)
 .data          0x00000000        0x0 c:/program files (x86)/atmel/studio/7.0/toolchain/avr8/avr8-gnu-toolchain/bin/../lib/gcc/avr/4.9.2/avr5\libgcc.a(_exit.o)
 .bss           0x00000000        0x0 c:/program files (x86)/atmel/studio/7.0/toolchain/avr8/avr8-gnu-toolchain/bin/../lib/gcc/avr/4.9.2/avr5\libgcc.a(_exit.o)
 .text.libgcc.mul
                0x00000000        0x0 c:/program files (x86)/atmel/studio/7.0/toolchain/avr8/avr8-gnu-toolchain/bin/../lib/gcc/avr/4.9.2/avr5\libgcc.a(_exit.o)
 .text.libgcc.div
                0x00000000        0x0 c:/program files (x86)/atmel/studio/7.0/toolchain/avr8/avr8-gnu-toolchain/bin/../lib/gcc/avr/4.9.2/avr5\libgcc.a(_exit.o)
 .text.libgcc   0x00000000        0x0 c:/program files (x86)/atmel/studio/7.0/toolchain/avr8/avr8-gnu-toolchain/bin/../lib/gcc/avr/4.9.2/avr5\libgcc.a(_exit.o)
 .text.libgcc.prologue
                0x00000000        0x0 c:/program files (x86)/atmel/studio/7.0/toolchain/avr8/avr8-gnu-toolchain/bin/../lib/gcc/avr/4.9.2/avr5\libgcc.a(_exit.o)
 .text.libgcc.builtins
                0x00000000        0x0 c:/program files (x86)/atmel/studio/7.0/toolchain/avr8/avr8-gnu-toolchain/bin/../lib/gcc/avr/4.9.2/avr5\libgcc.a(_exit.o)
 .text.libgcc.fmul
                0x00000000        0x0 c:/program files (x86)/atmel/studio/7.0/toolchain/avr8/avr8-gnu-toolchain/bin/../lib/gcc/avr/4.9.2/avr5\libgcc.a(_exit.o)
 .text.libgcc.fixed
                0x00000000        0x0 c:/program files (x86)/atmel/studio/7.0/toolchain/avr8/avr8-gnu-toolchain/bin/../lib/gcc/avr/4.9.2/avr5\libgcc.a(_exit.o)
 .text          0x00000000        0x0 c:/program files (x86)/atmel/studio/7.0/toolchain/avr8/avr8-gnu-toolchain/bin/../lib/gcc/avr/4.9.2/avr5\libgcc.a(_copy_data.o)
 .data          0x00000000        0x0 c:/program files (x86)/atmel/studio/7.0/toolchain/avr8/avr8-gnu-toolchain/bin/../lib/gcc/avr/4.9.2/avr5\libgcc.a(_copy_data.o)
 .bss           0x00000000        0x0 c:/program files (x86)/atmel/studio/7.0/toolchain/avr8/avr8-gnu-toolchain/bin/../lib/gcc/avr/4.9.2/avr5\libgcc.a(_copy_data.o)
 .text.libgcc.mul
                0x00000000        0x0 c:/program files (x86)/atmel/studio/7.0/toolchain/avr8/avr8-gnu-toolchain/bin/../lib/gcc/avr/4.9.2/avr5\libgcc.a(_copy_data.o)
 .text.libgcc.div
                0x00000000        0x0 c:/program files (x86)/atmel/studio/7.0/toolchain/avr8/avr8-gnu-toolchain/bin/../lib/gcc/avr/4.9.2/avr5\libgcc.a(_copy_data.o)
 .text.libgcc   0x00000000        0x0 c:/program files (x86)/atmel/studio/7.0/toolchain/avr8/avr8-gnu-toolchain/bin/../lib/gcc/avr/4.9.2/avr5\libgcc.a(_copy_data.o)
 .text.libgcc.prologue
                0x00000000        0x0 c:/program files (x86)/atmel/studio/7.0/toolchain/avr8/avr8-gnu-toolchain/bin/../lib/gcc/avr/4.9.2/avr5\libgcc.a(_copy_data.o)
 .text.libgcc.builtins
                0x00000000        0x0 c:/program files (x86)/atmel/studio/7.0/toolchain/avr8/avr8-gnu-toolchain/bin/../lib/gcc/avr/4.9.2/avr5\libgcc.a(_copy_data.o)
 .text.libgcc.fmul
                0x00000000        0x0 c:/program files (x86)/atmel/studio/7.0/toolchain/avr8/avr8-gnu-toolchain/bin/../lib/gcc/avr/4.9.2/avr5\libgcc.a(_copy_data.o)
 .text.libgcc.fixed
                0x00000000        0x0 c:/program files (x86)/atmel/studio/7.0/toolchain/avr8/avr8-gnu-toolchain/bin/../lib/gcc/avr/4.9.2/avr5\libgcc.a(_copy_data.o)
 .text          0x00000000        0x0 c:/program files (x86)/atmel/studio/7.0/toolchain/avr8/avr8-gnu-toolchain/bin/../lib/gcc/avr/4.9.2/avr5\libgcc.a(_clear_bss.o)
 .data          0x00000000        0x0 c:/program files (x86)/atmel/studio/7.0/toolchain/avr8/avr8-gnu-toolchain/bin/../lib/gcc/avr/4.9.2/avr5\libgcc.a(_clear_bss.o)
 .bss           0x00000000        0x0 c:/program files (x86)/atmel/studio/7.0/toolchain/avr8/avr8-gnu-toolchain/bin/../lib/gcc/avr/4.9.2/avr5\libgcc.a(_clear_bss.o)
 .text.libgcc.mul
                0x00000000        0x0 c:/program files (x86)/atmel/studio/7.0/toolchain/avr8/avr8-gnu-toolchain/bin/../lib/gcc/avr/4.9.2/avr5\libgcc.a(_clear_bss.o)
 .text.libgcc.div
                0x00000000        0x0 c:/program files (x86)/atmel/studio/7.0/toolchain/avr8/avr8-gnu-toolchain/bin/../lib/gcc/avr/4.9.2/avr5\libgcc.a(_clear_bss.o)
 .text.libgcc   0x00000000        0x0 c:/program files (x86)/atmel/studio/7.0/toolchain/avr8/avr8-gnu-toolchain/bin/../lib/gcc/avr/4.9.2/avr5\libgcc.a(_clear_bss.o)
 .text.libgcc.prologue
                0x00000000        0x0 c:/program files (x86)/atmel/studio/7.0/toolchain/avr8/avr8-gnu-toolchain/bin/../lib/gcc/avr/4.9.2/avr5\libgcc.a(_clear_bss.o)
 .text.libgcc.builtins
                0x00000000        0x0 c:/program files (x86)/atmel/studio/7.0/toolchain/avr8/avr8-gnu-toolchain/bin/../lib/gcc/avr/4.9.2/avr5\libgcc.a(_clear_bss.o)
 .text.libgcc.fmul
                0x00000000        0x0 c:/program files (x86)/atmel/studio/7.0/toolchain/avr8/avr8-gnu-toolchain/bin/../lib/gcc/avr/4.9.2/avr5\libgcc.a(_clear_bss.o)
 .text.libgcc.fixed
                0x00000000        0x0 c:/program files (x86)/atmel/studio/7.0/toolchain/avr8/avr8-gnu-toolchain/bin/../lib/gcc/avr/4.9.2/avr5\libgcc.a(_clear_bss.o)
 .text          0x00000000        0x0 c:/program files (x86)/atmel/studio/7.0/toolchain/avr8/avr8-gnu-toolchain/bin/../lib/gcc/avr/4.9.2/avr5\libgcc.a(_ctors.o)
 .data          0x00000000        0x0 c:/program files (x86)/atmel/studio/7.0/toolchain/avr8/avr8-gnu-toolchain/bin/../lib/gcc/avr/4.9.2/avr5\libgcc.a(_ctors.o)
 .bss           0x00000000        0x0 c:/program files (x86)/atmel/studio/7.0/toolchain/avr8/avr8-gnu-toolchain/bin/../lib/gcc/avr/4.9.2/avr5\libgcc.a(_ctors.o)
 .text.libgcc.mul
                0x00000000        0x0 c:/program files (x86)/atmel/studio/7.0/toolchain/avr8/avr8-gnu-toolchain/bin/../lib/gcc/avr/4.9.2/avr5\libgcc.a(_ctors.o)
 .text.libgcc.div
                0x00000000        0x0 c:/program files (x86)/atmel/studio/7.0/toolchain/avr8/avr8-gnu-toolchain/bin/../lib/gcc/avr/4.9.2/avr5\libgcc.a(_ctors.o)
 .text.libgcc   0x00000000        0x0 c:/program files (x86)/atmel/studio/7.0/toolchain/avr8/avr8-gnu-toolchain/bin/../lib/gcc/avr/4.9.2/avr5\libgcc.a(_ctors.o)
 .text.libgcc.prologue
                0x00000000        0x0 c:/program files (x86)/atmel/studio/7.0/toolchain/avr8/avr8-gnu-toolchain/bin/../lib/gcc/avr/4.9.2/avr5\libgcc.a(_ctors.o)
 .text.libgcc.builtins
                0x00000000        0x0 c:/program files (x86)/atmel/studio/7.0/toolchain/avr8/avr8-gnu-toolchain/bin/../lib/gcc/avr/4.9.2/avr5\libgcc.a(_ctors.o)
 .text.libgcc.fmul
                0x00000000        0x0 c:/program files (x86)/atmel/studio/7.0/toolchain/avr8/avr8-gnu-toolchain/bin/../lib/gcc/avr/4.9.2/avr5\libgcc.a(_ctors.o)
 .text.libgcc.fixed
                0x00000000        0x0 c:/program files (x86)/atmel/studio/7.0/toolchain/avr8/avr8-gnu-toolchain/bin/../lib/gcc/avr/4.9.2/avr5\libgcc.a(_ctors.o)
 .text          0x00000000        0x0 c:/program files (x86)/atmel/studio/7.0/toolchain/avr8/avr8-gnu-toolchain/bin/../lib/gcc/avr/4.9.2/avr5\libgcc.a(_udivmodhi4.o)
 .data          0x00000000        0x0 c:/program files (x86)/atmel/studio/7.0/toolchain/avr8/avr8-gnu-toolchain/bin/../lib/gcc/avr/4.9.2/avr5\libgcc.a(_udivmodhi4.o)
 .bss           0x00000000        0x0 c:/program files (x86)/atmel/studio/7.0/toolchain/avr8/avr8-gnu-toolchain/bin/../lib/gcc/avr/4.9.2/avr5\libgcc.a(_udivmodhi4.o)
 .text.libgcc.mul
                0x00000000        0x0 c:/program files (x86)/atmel/studio/7.0/toolchain/avr8/avr8-gnu-toolchain/bin/../lib/gcc/avr/4.9.2/avr5\libgcc.a(_udivmodhi4.o)
 .text.libgcc   0x00000000        0x0 c:/program files (x86)/atmel/studio/7.0/toolchain/avr8/avr8-gnu-toolchain/bin/../lib/gcc/avr/4.9.2/avr5\libgcc.a(_udivmodhi4.o)
 .text.libgcc.prologue
                0x00000000        0x0 c:/program files (x86)/atmel/studio/7.0/toolchain/avr8/avr8-gnu-toolchain/bin/../lib/gcc/avr/4.9.2/avr5\libgcc.a(_udivmodhi4.o)
 .text.libgcc.builtins
                0x00000000        0x0 c:/program files (x86)/atmel/studio/7.0/toolchain/avr8/avr8-gnu-toolchain/bin/../lib/gcc/avr/4.9.2/avr5\libgcc.a(_udivmodhi4.o)
 .text.libgcc.fmul
                0x00000000        0x0 c:/program files (x86)/atmel/studio/7.0/toolchain/avr8/avr8-gnu-toolchain/bin/../lib/gcc/avr/4.9.2/avr5\libgcc.a(_udivmodhi4.o)
 .text.libgcc.fixed
                0x00000000        0x0 c:/program files (x86)/atmel/studio/7.0/toolchain/avr8/avr8-gnu-toolchain/bin/../lib/gcc/avr/4.9.2/avr5\libgcc.a(_udivmodhi4.o)
 .text          0x00000000        0x0 c:/program files (x86)/atmel/studio/7.0/toolchain/avr8/avr8-gnu-toolchain/bin/../lib/gcc/avr/4.9.2/avr5\libgcc.a(_tablejump2.o)
 .data          0x00000000        0x0 c:/program files (x86)/atmel/studio/7.0/toolchain/avr8/avr8-gnu-toolchain/bin/../lib/gcc/avr/4.9.2/avr5\libgcc.a(_tablejump2.o)
 .bss           0x00000000        0x0 c:/program files (x86)/atmel/studio/7.0/toolchain/avr8/avr8-gnu-toolchain/bin/../lib/gcc/avr/4.9.2/avr5\libgcc.a(_tablejump2.o)
 .text.libgcc.mul
                0x00000000        0x0 c:/program files (x86)/atmel/studio/7.0/toolchain/avr8/avr8-gnu-toolchain/bin/../lib/gcc/avr/4.9.2/avr5\libgcc.a(_tablejump2.o)
 .text.libgcc.div
                0x00000000        0x0 c:/program files (x86)/atmel/studio/7.0/toolchain/avr8/avr8-gnu-toolchain/bin/../lib/gcc/avr/4.9.2/avr5\libgcc.a(_tablejump2.o)
 .text.libgcc.prologue
                0x00000000        0x0 c:/program files (x86)/atmel/studio/7.0/toolchain/avr8/avr8-gnu-toolchain/bin/../lib/gcc/avr/4.9.2/avr5\libgcc.a(_tablejump2.o)
 .text.libgcc.builtins
                0x00000000        0x0 c:/program files (x86)/atmel/studio/7.0/toolchain/avr8/avr8-gnu-toolchain/bin/../lib/gcc/avr/4.9.2/avr5\libgcc.a(_tablejump2.o)
 .text.libgcc.fmul
                0x00000000        0x0 c:/program files (x86)/atmel/studio/7.0/toolchain/avr8/avr8-gnu-toolchain/bin/../lib/gcc/avr/4.9.2/avr5\libgcc.a(_tablejump2.o)
 .text.libgcc.fixed
                0x00000000        0x0 c:/program files (x86)/atmel/studio/7.0/toolchain/avr8/avr8-gnu-toolchain/bin/../lib/gcc/avr/4.9.2/avr5\libgcc.a(_tablejump2.o)
 .text          0x00000000        0x0 c:/program files (x86)/atmel/studio/7.0/toolchain/avr8/avr8-gnu-toolchain/bin/../lib/gcc/avr/4.9.2/../../../../avr/lib/avr5\libc.a(abort.o)
 .data          0x00000000        0x0 c:/program files (x86)/atmel/studio/7.0/toolchain/avr8/avr8-gnu-toolchain/bin/../lib/gcc/avr/4.9.2/../../../../avr/lib/avr5\libc.a(abort.o)
 .bss           0x00000000        0x0 c:/program files (x86)/atmel/studio/7.0/toolchain/avr8/avr8-gnu-toolchain/bin/../lib/gcc/avr/4.9.2/../../../../avr/lib/avr5\libc.a(abort.o)
 .text.avr-libc
                0x00000000        0xa c:/program files (x86)/atmel/studio/7.0/toolchain/avr8/avr8-gnu-toolchain/bin/../lib/gcc/avr/4.9.2/../../../../avr/lib/avr5\libc.a(abort.o)

Memory Configuration

Name             Origin             Length             Attributes
text             0x00000000         0x00020000         xr
data             0x00800060         0x0000ffa0         rw !x
eeprom           0x00810000         0x00010000         rw !x
fuse             0x00820000         0x00000400         rw !x
lock             0x00830000         0x00000400         rw !x
signature        0x00840000         0x00000400         rw !x
user_signatures  0x00850000         0x00000400         rw !x
*default*        0x00000000         0xffffffff

Linker script and memory map

Address of section .data set to 0x800100
LOAD C:/Program Files (x86)/Atmel/Studio/7.0/Packs/atmel/ATmega_DFP/1.0.106/gcc/dev/atmega328p/avr5/crtatmega328p.o
LOAD Sketch.o
START GROUP
LOAD c:/program files (x86)/atmel/studio/7.0/toolchain/avr8/avr8-gnu-toolchain/bin/../lib/gcc/avr/4.9.2/../../../../avr/lib/avr5\libm.a
LOAD C:\Users\Asus\Documents\Atmel Studio\7.0\Assignment4\Assignment4\ArduinoCore\Debug\libArduinoCore.a
END GROUP
LOAD c:/program files (x86)/atmel/studio/7.0/toolchain/avr8/avr8-gnu-toolchain/bin/../lib/gcc/avr/4.9.2/avr5\libgcc.a
LOAD c:/program files (x86)/atmel/studio/7.0/toolchain/avr8/avr8-gnu-toolchain/bin/../lib/gcc/avr/4.9.2/../../../../avr/lib/avr5\libm.a
START GROUP
LOAD c:/program files (x86)/atmel/studio/7.0/toolchain/avr8/avr8-gnu-toolchain/bin/../lib/gcc/avr/4.9.2/avr5\libgcc.a
LOAD c:/program files (x86)/atmel/studio/7.0/toolchain/avr8/avr8-gnu-toolchain/bin/../lib/gcc/avr/4.9.2/../../../../avr/lib/avr5\libm.a
LOAD c:/program files (x86)/atmel/studio/7.0/toolchain/avr8/avr8-gnu-toolchain/bin/../lib/gcc/avr/4.9.2/../../../../avr/lib/avr5\libc.a
LOAD C:/Program Files (x86)/Atmel/Studio/7.0/Packs/atmel/ATmega_DFP/1.0.106/gcc/dev/atmega328p/avr5\libatmega328p.a
END GROUP
                0x00020000                __TEXT_REGION_LENGTH__ = DEFINED (__TEXT_REGION_LENGTH__)?__TEXT_REGION_LENGTH__:0x20000
                0x0000ffa0                __DATA_REGION_LENGTH__ = DEFINED (__DATA_REGION_LENGTH__)?__DATA_REGION_LENGTH__:0xffa0
                0x00010000                __EEPROM_REGION_LENGTH__ = DEFINED (__EEPROM_REGION_LENGTH__)?__EEPROM_REGION_LENGTH__:0x10000
                0x00000400                __FUSE_REGION_LENGTH__ = DEFINED (__FUSE_REGION_LENGTH__)?__FUSE_REGION_LENGTH__:0x400
                0x00000400                __LOCK_REGION_LENGTH__ = DEFINED (__LOCK_REGION_LENGTH__)?__LOCK_REGION_LENGTH__:0x400
                0x00000400                __SIGNATURE_REGION_LENGTH__ = DEFINED (__SIGNATURE_REGION_LENGTH__)?__SIGNATURE_REGION_LENGTH__:0x400
                0x00000400                __USER_SIGNATURE_REGION_LENGTH__ = DEFINED (__USER_SIGNATURE_REGION_LENGTH__)?__USER_SIGNATURE_REGION_LENGTH__:0x400

.hash
 *(.hash)

.dynsym
 *(.dynsym)

.dynstr
 *(.dynstr)

.gnu.version
 *(.gnu.version)

.gnu.version_d
 *(.gnu.version_d)

.gnu.version_r
 *(.gnu.version_r)

.rel.init
 *(.rel.init)

.rela.init
 *(.rela.init)

.rel.text
 *(.rel.text)
 *(.rel.text.*)
 *(.rel.gnu.linkonce.t*)

.rela.text
 *(.rela.text)
 *(.rela.text.*)
 *(.rela.gnu.linkonce.t*)

.rel.fini
 *(.rel.fini)

.rela.fini
 *(.rela.fini)

.rel.rodata
 *(.rel.rodata)
 *(.rel.rodata.*)
 *(.rel.gnu.linkonce.r*)

.rela.rodata
 *(.rela.rodata)
 *(.rela.rodata.*)
 *(.rela.gnu.linkonce.r*)

.rel.data
 *(.rel.data)
 *(.rel.data.*)
 *(.rel.gnu.linkonce.d*)

.rela.data
 *(.rela.data)
 *(.rela.data.*)
 *(.rela.gnu.linkonce.d*)

.rel.ctors
 *(.rel.ctors)

.rela.ctors
 *(.rela.ctors)

.rel.dtors
 *(.rel.dtors)

.rela.dtors
 *(.rela.dtors)

.rel.got
 *(.rel.got)

.rela.got
 *(.rela.got)

.rel.bss
 *(.rel.bss)

.rela.bss
 *(.rela.bss)

.rel.plt
 *(.rel.plt)

.rela.plt
 *(.rela.plt)

.text           0x00000000     0x157a
 *(.vectors)
 .vectors       0x00000000       0x68 C:/Program Files (x86)/Atmel/Studio/7.0/Packs/atmel/ATmega_DFP/1.0.106/gcc/dev/atmega328p/avr5/crtatmega328p.o
                0x00000000                __vector_default
                0x00000000                __vectors
 *(.vectors)
 *(.progmem.gcc*)
 .progmem.gcc_fplib
                0x00000068       0x5a c:/program files (x86)/atmel/studio/7.0/toolchain/avr8/avr8-gnu-toolchain/bin/../lib/gcc/avr/4.9.2/../../../../avr/lib/avr5\libm.a(log.o)
                0x000000c2                . = ALIGN (0x2)
                0x000000c2                __trampolines_start = .
 *(.trampolines)
 .trampolines   0x000000c2        0x0 linker stubs
 *(.trampolines*)
                0x000000c2                __trampolines_end = .
 *libprintf_flt.a:*(.progmem.data)
 *libc.a:*(.progmem.data)
 *(.progmem*)
 .progmem.data.digital_pin_to_timer_PGM
                0x000000c2       0x14 C:\Users\Asus\Documents\Atmel Studio\7.0\Assignment4\Assignment4\ArduinoCore\Debug\libArduinoCore.a(wiring_digital.o)
                0x000000c2                digital_pin_to_timer_PGM
 .progmem.data.digital_pin_to_bit_mask_PGM
                0x000000d6       0x14 C:\Users\Asus\Documents\Atmel Studio\7.0\Assignment4\Assignment4\ArduinoCore\Debug\libArduinoCore.a(wiring_digital.o)
                0x000000d6                digital_pin_to_bit_mask_PGM
 .progmem.data.digital_pin_to_port_PGM
                0x000000ea       0x14 C:\Users\Asus\Documents\Atmel Studio\7.0\Assignment4\Assignment4\ArduinoCore\Debug\libArduinoCore.a(wiring_digital.o)
                0x000000ea                digital_pin_to_port_PGM
 .progmem.data.port_to_output_PGM
                0x000000fe        0xa C:\Users\Asus\Documents\Atmel Studio\7.0\Assignment4\Assignment4\ArduinoCore\Debug\libArduinoCore.a(wiring_digital.o)
                0x000000fe                port_to_output_PGM
 .progmem.data.port_to_mode_PGM
                0x00000108        0xa C:\Users\Asus\Documents\Atmel Studio\7.0\Assignment4\Assignment4\ArduinoCore\Debug\libArduinoCore.a(wiring_digital.o)
                0x00000108                port_to_mode_PGM
                0x00000112                . = ALIGN (0x2)
 *(.jumptables)
 *(.jumptables*)
 *(.lowtext)
 *(.lowtext*)
                0x00000112                __ctors_start = .
 *(.ctors)
 .ctors         0x00000112        0x2 C:\Users\Asus\Documents\Atmel Studio\7.0\Assignment4\Assignment4\ArduinoCore\Debug\libArduinoCore.a(HardwareSerial0.o)
                0x00000114                __ctors_end = .
                0x00000114                __dtors_start = .
 *(.dtors)
                0x00000114                __dtors_end = .
 SORT(*)(.ctors)
 SORT(*)(.dtors)
 *(.init0)
 .init0         0x00000114        0x0 C:/Program Files (x86)/Atmel/Studio/7.0/Packs/atmel/ATmega_DFP/1.0.106/gcc/dev/atmega328p/avr5/crtatmega328p.o
                0x00000114                __init
 *(.init0)
 *(.init1)
 *(.init1)
 *(.init2)
 .init2         0x00000114        0xc C:/Program Files (x86)/Atmel/Studio/7.0/Packs/atmel/ATmega_DFP/1.0.106/gcc/dev/atmega328p/avr5/crtatmega328p.o
 *(.init2)
 *(.init3)
 *(.init3)
 *(.init4)
 .init4         0x00000120       0x16 c:/program files (x86)/atmel/studio/7.0/toolchain/avr8/avr8-gnu-toolchain/bin/../lib/gcc/avr/4.9.2/avr5\libgcc.a(_copy_data.o)
                0x00000120                __do_copy_data
 .init4         0x00000136       0x10 c:/program files (x86)/atmel/studio/7.0/toolchain/avr8/avr8-gnu-toolchain/bin/../lib/gcc/avr/4.9.2/avr5\libgcc.a(_clear_bss.o)
                0x00000136                __do_clear_bss
 *(.init4)
 *(.init5)
 *(.init5)
 *(.init6)
 .init6         0x00000146       0x16 c:/program files (x86)/atmel/studio/7.0/toolchain/avr8/avr8-gnu-toolchain/bin/../lib/gcc/avr/4.9.2/avr5\libgcc.a(_ctors.o)
                0x00000146                __do_global_ctors
 *(.init6)
 *(.init7)
 *(.init7)
 *(.init8)
 *(.init8)
 *(.init9)
 .init9         0x0000015c        0x8 C:/Program Files (x86)/Atmel/Studio/7.0/Packs/atmel/ATmega_DFP/1.0.106/gcc/dev/atmega328p/avr5/crtatmega328p.o
 *(.init9)
 *(.text)
 .text          0x00000164        0x4 C:/Program Files (x86)/Atmel/Studio/7.0/Packs/atmel/ATmega_DFP/1.0.106/gcc/dev/atmega328p/avr5/crtatmega328p.o
                0x00000164                __vector_22
                0x00000164                __vector_1
                0x00000164                __vector_24
                0x00000164                __vector_12
                0x00000164                __bad_interrupt
                0x00000164                __vector_6
                0x00000164                __vector_3
                0x00000164                __vector_23
                0x00000164                __vector_25
                0x00000164                __vector_11
                0x00000164                __vector_13
                0x00000164                __vector_17
                0x00000164                __vector_7
                0x00000164                __vector_5
                0x00000164                __vector_4
                0x00000164                __vector_9
                0x00000164                __vector_2
                0x00000164                __vector_21
                0x00000164                __vector_15
                0x00000164                __vector_8
                0x00000164                __vector_14
                0x00000164                __vector_10
                0x00000164                __vector_20
                0x00000168                . = ALIGN (0x2)
 *(.text.*)
 .text._Z13ConvertToTempv
                0x00000168      0x17c Sketch.o
                0x00000168                _Z13ConvertToTempv
 .text._Z9Segments1i
                0x000002e4       0x5a Sketch.o
                0x000002e4                _Z9Segments1i
 .text._Z9Segments2i
                0x0000033e       0x5a Sketch.o
                0x0000033e                _Z9Segments2i
 .text._Z10callNumberv
                0x00000398       0x4c Sketch.o
                0x00000398                _Z10callNumberv
 .text.setup    0x000003e4       0x82 Sketch.o
                0x000003e4                setup
 .text.loop     0x00000466       0x48 Sketch.o
                0x00000466                loop
 .text.avr-libc.fplib
                0x000004ae        0xe c:/program files (x86)/atmel/studio/7.0/toolchain/avr8/avr8-gnu-toolchain/bin/../lib/gcc/avr/4.9.2/../../../../avr/lib/avr5\libm.a(addsf3.o)
                0x000004ae                __subsf3
                0x000004b0                __addsf3
 .text.avr-libc.fplib
                0x000004bc       0xcc c:/program files (x86)/atmel/studio/7.0/toolchain/avr8/avr8-gnu-toolchain/bin/../lib/gcc/avr/4.9.2/../../../../avr/lib/avr5\libm.a(addsf3x.o)
                0x000004de                __addsf3x
 .text.avr-libc.fplib
                0x00000588        0x8 c:/program files (x86)/atmel/studio/7.0/toolchain/avr8/avr8-gnu-toolchain/bin/../lib/gcc/avr/4.9.2/../../../../avr/lib/avr5\libm.a(divsf3.o)
                0x00000588                __divsf3
 .text.avr-libc.fplib
                0x00000590       0xdc c:/program files (x86)/atmel/studio/7.0/toolchain/avr8/avr8-gnu-toolchain/bin/../lib/gcc/avr/4.9.2/../../../../avr/lib/avr5\libm.a(divsf3x.o)
                0x000005b0                __divsf3x
                0x000005b6                __divsf3_pse
 .text.avr-libc.fplib
                0x0000066c        0xe c:/program files (x86)/atmel/studio/7.0/toolchain/avr8/avr8-gnu-toolchain/bin/../lib/gcc/avr/4.9.2/../../../../avr/lib/avr5\libm.a(fixsfsi.o)
                0x0000066c                __fixsfsi
 .text.avr-libc.fplib
                0x0000067a       0x5e c:/program files (x86)/atmel/studio/7.0/toolchain/avr8/avr8-gnu-toolchain/bin/../lib/gcc/avr/4.9.2/../../../../avr/lib/avr5\libm.a(fixunssfsi.o)
                0x0000067a                __fixunssfsi
 .text.avr-libc.fplib
                0x000006d8       0x7a c:/program files (x86)/atmel/studio/7.0/toolchain/avr8/avr8-gnu-toolchain/bin/../lib/gcc/avr/4.9.2/../../../../avr/lib/avr5\libm.a(floatsisf.o)
                0x000006d8                __floatunsisf
                0x000006dc                __floatsisf
 .text.avr-libc.fplib
                0x00000752        0xc c:/program files (x86)/atmel/studio/7.0/toolchain/avr8/avr8-gnu-toolchain/bin/../lib/gcc/avr/4.9.2/../../../../avr/lib/avr5\libm.a(fp_inf.o)
                0x00000752                __fp_inf
 .text.avr-libc.fplib
                0x0000075e        0x6 c:/program files (x86)/atmel/studio/7.0/toolchain/avr8/avr8-gnu-toolchain/bin/../lib/gcc/avr/4.9.2/../../../../avr/lib/avr5\libm.a(fp_nan.o)
                0x0000075e                __fp_nan
 .text.avr-libc.fplib
                0x00000764        0xe c:/program files (x86)/atmel/studio/7.0/toolchain/avr8/avr8-gnu-toolchain/bin/../lib/gcc/avr/4.9.2/../../../../avr/lib/avr5\libm.a(fp_pscA.o)
                0x00000764                __fp_pscA
 .text.avr-libc.fplib
                0x00000772        0xe c:/program files (x86)/atmel/studio/7.0/toolchain/avr8/avr8-gnu-toolchain/bin/../lib/gcc/avr/4.9.2/../../../../avr/lib/avr5\libm.a(fp_pscB.o)
                0x00000772                __fp_pscB
 .text.avr-libc.fplib
                0x00000780       0x22 c:/program files (x86)/atmel/studio/7.0/toolchain/avr8/avr8-gnu-toolchain/bin/../lib/gcc/avr/4.9.2/../../../../avr/lib/avr5\libm.a(fp_round.o)
                0x00000780                __fp_round
 .text.avr-libc.fplib
                0x000007a2       0x44 c:/program files (x86)/atmel/studio/7.0/toolchain/avr8/avr8-gnu-toolchain/bin/../lib/gcc/avr/4.9.2/../../../../avr/lib/avr5\libm.a(fp_split3.o)
                0x000007a2                __fp_split3
                0x000007b2                __fp_splitA
 .text.avr-libc.fplib
                0x000007e6        0xe c:/program files (x86)/atmel/studio/7.0/toolchain/avr8/avr8-gnu-toolchain/bin/../lib/gcc/avr/4.9.2/../../../../avr/lib/avr5\libm.a(fp_zero.o)
                0x000007e6                __fp_zero
                0x000007e8                __fp_szero
 .text.avr-libc.fplib
                0x000007f4       0xa0 c:/program files (x86)/atmel/studio/7.0/toolchain/avr8/avr8-gnu-toolchain/bin/../lib/gcc/avr/4.9.2/../../../../avr/lib/avr5\libm.a(log.o)
                0x00000804                log
 .text.avr-libc.fplib
                0x00000894        0x8 c:/program files (x86)/atmel/studio/7.0/toolchain/avr8/avr8-gnu-toolchain/bin/../lib/gcc/avr/4.9.2/../../../../avr/lib/avr5\libm.a(mulsf3.o)
                0x00000894                __mulsf3
 .text.avr-libc.fplib
                0x0000089c       0xd2 c:/program files (x86)/atmel/studio/7.0/toolchain/avr8/avr8-gnu-toolchain/bin/../lib/gcc/avr/4.9.2/../../../../avr/lib/avr5\libm.a(mulsf3x.o)
                0x000008ba                __mulsf3x
                0x000008c0                __mulsf3_pse
 .text.avr-libc.fplib
                0x0000096e       0x1c c:/program files (x86)/atmel/studio/7.0/toolchain/avr8/avr8-gnu-toolchain/bin/../lib/gcc/avr/4.9.2/../../../../avr/lib/avr5\libm.a(fp_mpack.o)
                0x0000096e                __fp_mpack
                0x00000972                __fp_mpack_finite
 .text.avr-libc.fplib
                0x0000098a       0x4e c:/program files (x86)/atmel/studio/7.0/toolchain/avr8/avr8-gnu-toolchain/bin/../lib/gcc/avr/4.9.2/../../../../avr/lib/avr5\libm.a(fp_powser.o)
                0x0000098a                __fp_powser
 .text._ZN14HardwareSerial9availableEv
                0x000009d8       0x18 C:\Users\Asus\Documents\Atmel Studio\7.0\Assignment4\Assignment4\ArduinoCore\Debug\libArduinoCore.a(HardwareSerial.o)
                0x000009d8                _ZN14HardwareSerial9availableEv
 .text._ZN14HardwareSerial4peekEv
                0x000009f0       0x1c C:\Users\Asus\Documents\Atmel Studio\7.0\Assignment4\Assignment4\ArduinoCore\Debug\libArduinoCore.a(HardwareSerial.o)
                0x000009f0                _ZN14HardwareSerial4peekEv
 .text._ZN14HardwareSerial4readEv
                0x00000a0c       0x28 C:\Users\Asus\Documents\Atmel Studio\7.0\Assignment4\Assignment4\ArduinoCore\Debug\libArduinoCore.a(HardwareSerial.o)
                0x00000a0c                _ZN14HardwareSerial4readEv
 .text._Z14serialEventRunv
                0x00000a34       0x1c C:\Users\Asus\Documents\Atmel Studio\7.0\Assignment4\Assignment4\ArduinoCore\Debug\libArduinoCore.a(HardwareSerial.o)
                0x00000a34                _Z14serialEventRunv
 .text._ZN14HardwareSerial17_tx_udr_empty_irqEv
                0x00000a50       0x42 C:\Users\Asus\Documents\Atmel Studio\7.0\Assignment4\Assignment4\ArduinoCore\Debug\libArduinoCore.a(HardwareSerial.o)
                0x00000a50                _ZN14HardwareSerial17_tx_udr_empty_irqEv
 .text._ZN14HardwareSerial5flushEv
                0x00000a92       0x44 C:\Users\Asus\Documents\Atmel Studio\7.0\Assignment4\Assignment4\ArduinoCore\Debug\libArduinoCore.a(HardwareSerial.o)
                0x00000a92                _ZN14HardwareSerial5flushEv
 .text._ZN14HardwareSerial5writeEh
                0x00000ad6       0x8e C:\Users\Asus\Documents\Atmel Studio\7.0\Assignment4\Assignment4\ArduinoCore\Debug\libArduinoCore.a(HardwareSerial.o)
                0x00000ad6                _ZN14HardwareSerial5writeEh
 .text._ZN14HardwareSerial5beginEmh
                0x00000b64       0xca C:\Users\Asus\Documents\Atmel Studio\7.0\Assignment4\Assignment4\ArduinoCore\Debug\libArduinoCore.a(HardwareSerial.o)
                0x00000b64                _ZN14HardwareSerial5beginEmh
 .text.__vector_18
                0x00000c2e       0x64 C:\Users\Asus\Documents\Atmel Studio\7.0\Assignment4\Assignment4\ArduinoCore\Debug\libArduinoCore.a(HardwareSerial0.o)
                0x00000c2e                __vector_18
 .text.__vector_19
                0x00000c92       0x4c C:\Users\Asus\Documents\Atmel Studio\7.0\Assignment4\Assignment4\ArduinoCore\Debug\libArduinoCore.a(HardwareSerial0.o)
                0x00000c92                __vector_19
 .text._Z17Serial0_availablev
                0x00000cde       0x14 C:\Users\Asus\Documents\Atmel Studio\7.0\Assignment4\Assignment4\ArduinoCore\Debug\libArduinoCore.a(HardwareSerial0.o)
                0x00000cde                _Z17Serial0_availablev
 .text.startup._GLOBAL__sub_I___vector_18
                0x00000cf2       0x5a C:\Users\Asus\Documents\Atmel Studio\7.0\Assignment4\Assignment4\ArduinoCore\Debug\libArduinoCore.a(HardwareSerial0.o)
 .text.initVariant
                0x00000d4c        0x2 C:\Users\Asus\Documents\Atmel Studio\7.0\Assignment4\Assignment4\ArduinoCore\Debug\libArduinoCore.a(main.o)
                0x00000d4c                initVariant
 .text.startup.main
                0x00000d4e       0x1e C:\Users\Asus\Documents\Atmel Studio\7.0\Assignment4\Assignment4\ArduinoCore\Debug\libArduinoCore.a(main.o)
                0x00000d4e                main
 .text._ZN5Print5writeEPKhj
                0x00000d6c       0x56 C:\Users\Asus\Documents\Atmel Studio\7.0\Assignment4\Assignment4\ArduinoCore\Debug\libArduinoCore.a(Print.o)
                0x00000d6c                _ZN5Print5writeEPKhj
 .text._ZN5Print5writeEPKc
                0x00000dc2       0x2a C:\Users\Asus\Documents\Atmel Studio\7.0\Assignment4\Assignment4\ArduinoCore\Debug\libArduinoCore.a(Print.o)
                0x00000dc2                _ZN5Print5writeEPKc
 .text._ZN5Print5printEPKc
                0x00000dec        0x4 C:\Users\Asus\Documents\Atmel Studio\7.0\Assignment4\Assignment4\ArduinoCore\Debug\libArduinoCore.a(Print.o)
                0x00000dec                _ZN5Print5printEPKc
 .text._ZN5Print5printEc
                0x00000df0        0xe C:\Users\Asus\Documents\Atmel Studio\7.0\Assignment4\Assignment4\ArduinoCore\Debug\libArduinoCore.a(Print.o)
                0x00000df0                _ZN5Print5printEc
 .text._ZN5Print7printlnEv
                0x00000dfe        0x8 C:\Users\Asus\Documents\Atmel Studio\7.0\Assignment4\Assignment4\ArduinoCore\Debug\libArduinoCore.a(Print.o)
                0x00000dfe                _ZN5Print7printlnEv
 .text._ZN5Print7printlnEPKc
                0x00000e06       0x24 C:\Users\Asus\Documents\Atmel Studio\7.0\Assignment4\Assignment4\ArduinoCore\Debug\libArduinoCore.a(Print.o)
                0x00000e06                _ZN5Print7printlnEPKc
 .text._ZN5Print11printNumberEmh
                0x00000e2a       0xa8 C:\Users\Asus\Documents\Atmel Studio\7.0\Assignment4\Assignment4\ArduinoCore\Debug\libArduinoCore.a(Print.o)
                0x00000e2a                _ZN5Print11printNumberEmh
 .text._ZN5Print5printEli
                0x00000ed2       0x94 C:\Users\Asus\Documents\Atmel Studio\7.0\Assignment4\Assignment4\ArduinoCore\Debug\libArduinoCore.a(Print.o)
                0x00000ed2                _ZN5Print5printEli
 .text._ZN5Print5printEii
                0x00000f66        0xe C:\Users\Asus\Documents\Atmel Studio\7.0\Assignment4\Assignment4\ArduinoCore\Debug\libArduinoCore.a(Print.o)
                0x00000f66                _ZN5Print5printEii
 .text._ZN5Print10printFloatEdh
                0x00000f74      0x1c6 C:\Users\Asus\Documents\Atmel Studio\7.0\Assignment4\Assignment4\ArduinoCore\Debug\libArduinoCore.a(Print.o)
                0x00000f74                _ZN5Print10printFloatEdh
 .text._ZN5Print5printEdi
                0x0000113a        0x4 C:\Users\Asus\Documents\Atmel Studio\7.0\Assignment4\Assignment4\ArduinoCore\Debug\libArduinoCore.a(Print.o)
                0x0000113a                _ZN5Print5printEdi
 .text.__vector_16
                0x0000113e       0x94 C:\Users\Asus\Documents\Atmel Studio\7.0\Assignment4\Assignment4\ArduinoCore\Debug\libArduinoCore.a(wiring.o)
                0x0000113e                __vector_16
 .text.micros   0x000011d2       0x4a C:\Users\Asus\Documents\Atmel Studio\7.0\Assignment4\Assignment4\ArduinoCore\Debug\libArduinoCore.a(wiring.o)
                0x000011d2                micros
 .text.delay    0x0000121c       0x78 C:\Users\Asus\Documents\Atmel Studio\7.0\Assignment4\Assignment4\ArduinoCore\Debug\libArduinoCore.a(wiring.o)
                0x0000121c                delay
 .text.init     0x00001294       0x76 C:\Users\Asus\Documents\Atmel Studio\7.0\Assignment4\Assignment4\ArduinoCore\Debug\libArduinoCore.a(wiring.o)
                0x00001294                init
 .text.analogRead
                0x0000130a       0x3a C:\Users\Asus\Documents\Atmel Studio\7.0\Assignment4\Assignment4\ArduinoCore\Debug\libArduinoCore.a(wiring_analog.o)
                0x0000130a                analogRead
 .text.turnOffPWM
                0x00001344       0x52 C:\Users\Asus\Documents\Atmel Studio\7.0\Assignment4\Assignment4\ArduinoCore\Debug\libArduinoCore.a(wiring_digital.o)
 .text.pinMode  0x00001396       0x78 C:\Users\Asus\Documents\Atmel Studio\7.0\Assignment4\Assignment4\ArduinoCore\Debug\libArduinoCore.a(wiring_digital.o)
                0x00001396                pinMode
 .text.digitalWrite
                0x0000140e       0x60 C:\Users\Asus\Documents\Atmel Studio\7.0\Assignment4\Assignment4\ArduinoCore\Debug\libArduinoCore.a(wiring_digital.o)
                0x0000140e                digitalWrite
 .text.__empty  0x0000146e        0x2 C:\Users\Asus\Documents\Atmel Studio\7.0\Assignment4\Assignment4\ArduinoCore\Debug\libArduinoCore.a(hooks.o)
                0x0000146e                yield
 .text.avr-libc.fplib
                0x00001470        0xa c:/program files (x86)/atmel/studio/7.0/toolchain/avr8/avr8-gnu-toolchain/bin/../lib/gcc/avr/4.9.2/../../../../avr/lib/avr5\libm.a(cmpsf2.o)
                0x00001470                __nesf2
                0x00001470                __eqsf2
                0x00001470                __cmpsf2
                0x00001470                __ltsf2
                0x00001470                __lesf2
 .text.avr-libc.fplib
                0x0000147a       0x48 c:/program files (x86)/atmel/studio/7.0/toolchain/avr8/avr8-gnu-toolchain/bin/../lib/gcc/avr/4.9.2/../../../../avr/lib/avr5\libm.a(fp_cmp.o)
                0x0000147a                __fp_cmp
 .text.avr-libc.fplib
                0x000014c2        0xa c:/program files (x86)/atmel/studio/7.0/toolchain/avr8/avr8-gnu-toolchain/bin/../lib/gcc/avr/4.9.2/../../../../avr/lib/avr5\libm.a(gesf2.o)
                0x000014c2                __gesf2
                0x000014c2                __gtsf2
 .text.avr-libc.fplib
                0x000014cc        0xa c:/program files (x86)/atmel/studio/7.0/toolchain/avr8/avr8-gnu-toolchain/bin/../lib/gcc/avr/4.9.2/../../../../avr/lib/avr5\libm.a(unordsf2.o)
                0x000014cc                __unordsf2
 .text.libgcc.div
                0x000014d6       0x28 c:/program files (x86)/atmel/studio/7.0/toolchain/avr8/avr8-gnu-toolchain/bin/../lib/gcc/avr/4.9.2/avr5\libgcc.a(_divmodhi4.o)
                0x000014d6                _div
                0x000014d6                __divmodhi4
 .text.libgcc.div
                0x000014fe       0x44 c:/program files (x86)/atmel/studio/7.0/toolchain/avr8/avr8-gnu-toolchain/bin/../lib/gcc/avr/4.9.2/avr5\libgcc.a(_udivmodsi4.o)
                0x000014fe                __udivmodsi4
 .text.libgcc.div
                0x00001542       0x28 c:/program files (x86)/atmel/studio/7.0/toolchain/avr8/avr8-gnu-toolchain/bin/../lib/gcc/avr/4.9.2/avr5\libgcc.a(_udivmodhi4.o)
                0x00001542                __udivmodhi4
 .text.libgcc   0x0000156a        0xc c:/program files (x86)/atmel/studio/7.0/toolchain/avr8/avr8-gnu-toolchain/bin/../lib/gcc/avr/4.9.2/avr5\libgcc.a(_tablejump2.o)
                0x0000156a                __tablejump2__
                0x00001576                . = ALIGN (0x2)
 *(.fini9)
 .fini9         0x00001576        0x0 c:/program files (x86)/atmel/studio/7.0/toolchain/avr8/avr8-gnu-toolchain/bin/../lib/gcc/avr/4.9.2/avr5\libgcc.a(_exit.o)
                0x00001576                _exit
                0x00001576                exit
 *(.fini9)
 *(.fini8)
 *(.fini8)
 *(.fini7)
 *(.fini7)
 *(.fini6)
 *(.fini6)
 *(.fini5)
 *(.fini5)
 *(.fini4)
 *(.fini4)
 *(.fini3)
 *(.fini3)
 *(.fini2)
 *(.fini2)
 *(.fini1)
 *(.fini1)
 *(.fini0)
 .fini0         0x00001576        0x4 c:/program files (x86)/atmel/studio/7.0/toolchain/avr8/avr8-gnu-toolchain/bin/../lib/gcc/avr/4.9.2/avr5\libgcc.a(_exit.o)
 *(.fini0)
                0x0000157a                _etext = .

.data           0x00800100       0x82 load address 0x0000157a
                0x00800100                PROVIDE (__data_start, .)
 *(.data)
 *(.data*)
 .data.analog_reference
                0x00800100        0x1 C:\Users\Asus\Documents\Atmel Studio\7.0\Assignment4\Assignment4\ArduinoCore\Debug\libArduinoCore.a(wiring_analog.o)
                0x00800100                analog_reference
 *(.rodata)
 *(.rodata*)
 .rodata.str1.1
                0x00800101       0x3b Sketch.o
 .rodata._ZL7numbers
                0x0080013c        0xa Sketch.o
 .rodata._ZL4pin2
                0x00800146        0xe Sketch.o
 .rodata._ZL4pin1
                0x00800154        0xe Sketch.o
 .rodata._ZTV14HardwareSerial
                0x00800162       0x10 C:\Users\Asus\Documents\Atmel Studio\7.0\Assignment4\Assignment4\ArduinoCore\Debug\libArduinoCore.a(HardwareSerial.o)
                0x00800162                _ZTV14HardwareSerial
 .rodata.str1.1
                0x00800172        0xf C:\Users\Asus\Documents\Atmel Studio\7.0\Assignment4\Assignment4\ArduinoCore\Debug\libArduinoCore.a(Print.o)
                                 0x11 (size before relaxing)
 *(.gnu.linkonce.d*)
                0x00800182                . = ALIGN (0x2)
 *fill*         0x00800181        0x1 
                0x00800182                _edata = .
                0x00800182                PROVIDE (__data_end, .)

.bss            0x00800182       0xb8
                0x00800182                PROVIDE (__bss_start, .)
 *(.bss)
 *(.bss*)
 .bss.value     0x00800182        0x2 Sketch.o
                0x00800182                value
 .bss.second_number
                0x00800184        0x2 Sketch.o
                0x00800184                second_number
 .bss.first_number
                0x00800186        0x2 Sketch.o
                0x00800186                first_number
 .bss.TempF     0x00800188        0x4 Sketch.o
                0x00800188                TempF
 .bss.TempC     0x0080018c        0x4 Sketch.o
                0x0080018c                TempC
 .bss.Temp      0x00800190        0x4 Sketch.o
                0x00800190                Temp
 .bss.Serial    0x00800194       0x9d C:\Users\Asus\Documents\Atmel Studio\7.0\Assignment4\Assignment4\ArduinoCore\Debug\libArduinoCore.a(HardwareSerial0.o)
                0x00800194                Serial
 .bss.timer0_fract
                0x00800231        0x1 C:\Users\Asus\Documents\Atmel Studio\7.0\Assignment4\Assignment4\ArduinoCore\Debug\libArduinoCore.a(wiring.o)
 .bss.timer0_millis
                0x00800232        0x4 C:\Users\Asus\Documents\Atmel Studio\7.0\Assignment4\Assignment4\ArduinoCore\Debug\libArduinoCore.a(wiring.o)
                0x00800232                timer0_millis
 .bss.timer0_overflow_count
                0x00800236        0x4 C:\Users\Asus\Documents\Atmel Studio\7.0\Assignment4\Assignment4\ArduinoCore\Debug\libArduinoCore.a(wiring.o)
                0x00800236                timer0_overflow_count
 *(COMMON)
                0x0080023a                PROVIDE (__bss_end, .)
                0x0000157a                __data_load_start = LOADADDR (.data)
                0x000015fc                __data_load_end = (__data_load_start + SIZEOF (.data))

.noinit         0x0080023a        0x0
                [!provide]                PROVIDE (__noinit_start, .)
 *(.noinit*)
                [!provide]                PROVIDE (__noinit_end, .)
                0x0080023a                _end = .
                [!provide]                PROVIDE (__heap_start, .)

.eeprom         0x00810000        0x0
 *(.eeprom*)
                0x00810000                __eeprom_end = .

.fuse
 *(.fuse)
 *(.lfuse)
 *(.hfuse)
 *(.efuse)

.lock
 *(.lock*)

.signature
 *(.signature*)

.user_signatures
 *(.user_signatures*)

.stab
 *(.stab)

.stabstr
 *(.stabstr)

.stab.excl
 *(.stab.excl)

.stab.exclstr
 *(.stab.exclstr)

.stab.index
 *(.stab.index)

.stab.indexstr
 *(.stab.indexstr)

.comment        0x00000000       0x30
 *(.comment)
 .comment       0x00000000       0x30 Sketch.o
                                 0x31 (size before relaxing)
 .comment       0x00000030       0x31 C:\Users\Asus\Documents\Atmel Studio\7.0\Assignment4\Assignment4\ArduinoCore\Debug\libArduinoCore.a(HardwareSerial.o)
 .comment       0x00000030       0x31 C:\Users\Asus\Documents\Atmel Studio\7.0\Assignment4\Assignment4\ArduinoCore\Debug\libArduinoCore.a(HardwareSerial0.o)
 .comment       0x00000030       0x31 C:\Users\Asus\Documents\Atmel Studio\7.0\Assignment4\Assignment4\ArduinoCore\Debug\libArduinoCore.a(main.o)
 .comment       0x00000030       0x31 C:\Users\Asus\Documents\Atmel Studio\7.0\Assignment4\Assignment4\ArduinoCore\Debug\libArduinoCore.a(Print.o)
 .comment       0x00000030       0x31 C:\Users\Asus\Documents\Atmel Studio\7.0\Assignment4\Assignment4\ArduinoCore\Debug\libArduinoCore.a(wiring.o)
 .comment       0x00000030       0x31 C:\Users\Asus\Documents\Atmel Studio\7.0\Assignment4\Assignment4\ArduinoCore\Debug\libArduinoCore.a(wiring_analog.o)
 .comment       0x00000030       0x31 C:\Users\Asus\Documents\Atmel Studio\7.0\Assignment4\Assignment4\ArduinoCore\Debug\libArduinoCore.a(wiring_digital.o)
 .comment       0x00000030       0x31 C:\Users\Asus\Documents\Atmel Studio\7.0\Assignment4\Assignment4\ArduinoCore\Debug\libArduinoCore.a(hooks.o)

.note.gnu.avr.deviceinfo
                0x00000000       0x40
 .note.gnu.avr.deviceinfo
                0x00000000       0x40 C:/Program Files (x86)/Atmel/Studio/7.0/Packs/atmel/ATmega_DFP/1.0.106/gcc/dev/atmega328p/avr5/crtatmega328p.o

.note.gnu.build-id
 *(.note.gnu.build-id)

.debug
 *(.debug)

.line
 *(.line)

.debug_srcinfo
 *(.debug_srcinfo)

.debug_sfnames
 *(.debug_sfnames)

.debug_aranges  0x00000000      0x2e0
 *(.debug_aranges)
 .debug_aranges
                0x00000000       0x48 Sketch.o
 .debug_aranges
                0x00000048       0x68 C:\Users\Asus\Documents\Atmel Studio\7.0\Assignment4\Assignment4\ArduinoCore\Debug\libArduinoCore.a(HardwareSerial.o)
 .debug_aranges
                0x000000b0       0x38 C:\Users\Asus\Documents\Atmel Studio\7.0\Assignment4\Assignment4\ArduinoCore\Debug\libArduinoCore.a(HardwareSerial0.o)
 .debug_aranges
                0x000000e8       0x38 C:\Users\Asus\Documents\Atmel Studio\7.0\Assignment4\Assignment4\ArduinoCore\Debug\libArduinoCore.a(main.o)
 .debug_aranges
                0x00000120       0xf0 C:\Users\Asus\Documents\Atmel Studio\7.0\Assignment4\Assignment4\ArduinoCore\Debug\libArduinoCore.a(Print.o)
 .debug_aranges
                0x00000210       0x48 C:\Users\Asus\Documents\Atmel Studio\7.0\Assignment4\Assignment4\ArduinoCore\Debug\libArduinoCore.a(wiring.o)
 .debug_aranges
                0x00000258       0x30 C:\Users\Asus\Documents\Atmel Studio\7.0\Assignment4\Assignment4\ArduinoCore\Debug\libArduinoCore.a(wiring_analog.o)
 .debug_aranges
                0x00000288       0x38 C:\Users\Asus\Documents\Atmel Studio\7.0\Assignment4\Assignment4\ArduinoCore\Debug\libArduinoCore.a(wiring_digital.o)
 .debug_aranges
                0x000002c0       0x20 C:\Users\Asus\Documents\Atmel Studio\7.0\Assignment4\Assignment4\ArduinoCore\Debug\libArduinoCore.a(hooks.o)

.debug_pubnames
 *(.debug_pubnames)

.debug_info     0x00000000     0x7861
 *(.debug_info .gnu.linkonce.wi.*)
 .debug_info    0x00000000      0x874 Sketch.o
 .debug_info    0x00000874     0x1e31 C:\Users\Asus\Documents\Atmel Studio\7.0\Assignment4\Assignment4\ArduinoCore\Debug\libArduinoCore.a(HardwareSerial.o)
 .debug_info    0x000026a5     0x1a2a C:\Users\Asus\Documents\Atmel Studio\7.0\Assignment4\Assignment4\ArduinoCore\Debug\libArduinoCore.a(HardwareSerial0.o)
 .debug_info    0x000040cf      0x231 C:\Users\Asus\Documents\Atmel Studio\7.0\Assignment4\Assignment4\ArduinoCore\Debug\libArduinoCore.a(main.o)
 .debug_info    0x00004300     0x29e1 C:\Users\Asus\Documents\Atmel Studio\7.0\Assignment4\Assignment4\ArduinoCore\Debug\libArduinoCore.a(Print.o)
 .debug_info    0x00006ce1      0x2c8 C:\Users\Asus\Documents\Atmel Studio\7.0\Assignment4\Assignment4\ArduinoCore\Debug\libArduinoCore.a(wiring.o)
 .debug_info    0x00006fa9      0x281 C:\Users\Asus\Documents\Atmel Studio\7.0\Assignment4\Assignment4\ArduinoCore\Debug\libArduinoCore.a(wiring_analog.o)
 .debug_info    0x0000722a      0x5f9 C:\Users\Asus\Documents\Atmel Studio\7.0\Assignment4\Assignment4\ArduinoCore\Debug\libArduinoCore.a(wiring_digital.o)
 .debug_info    0x00007823       0x3e C:\Users\Asus\Documents\Atmel Studio\7.0\Assignment4\Assignment4\ArduinoCore\Debug\libArduinoCore.a(hooks.o)

.debug_abbrev   0x00000000     0x14c7
 *(.debug_abbrev)
 .debug_abbrev  0x00000000      0x2c0 Sketch.o
 .debug_abbrev  0x000002c0      0x478 C:\Users\Asus\Documents\Atmel Studio\7.0\Assignment4\Assignment4\ArduinoCore\Debug\libArduinoCore.a(HardwareSerial.o)
 .debug_abbrev  0x00000738      0x3b1 C:\Users\Asus\Documents\Atmel Studio\7.0\Assignment4\Assignment4\ArduinoCore\Debug\libArduinoCore.a(HardwareSerial0.o)
 .debug_abbrev  0x00000ae9      0x109 C:\Users\Asus\Documents\Atmel Studio\7.0\Assignment4\Assignment4\ArduinoCore\Debug\libArduinoCore.a(main.o)
 .debug_abbrev  0x00000bf2      0x487 C:\Users\Asus\Documents\Atmel Studio\7.0\Assignment4\Assignment4\ArduinoCore\Debug\libArduinoCore.a(Print.o)
 .debug_abbrev  0x00001079      0x145 C:\Users\Asus\Documents\Atmel Studio\7.0\Assignment4\Assignment4\ArduinoCore\Debug\libArduinoCore.a(wiring.o)
 .debug_abbrev  0x000011be      0x184 C:\Users\Asus\Documents\Atmel Studio\7.0\Assignment4\Assignment4\ArduinoCore\Debug\libArduinoCore.a(wiring_analog.o)
 .debug_abbrev  0x00001342      0x15b C:\Users\Asus\Documents\Atmel Studio\7.0\Assignment4\Assignment4\ArduinoCore\Debug\libArduinoCore.a(wiring_digital.o)
 .debug_abbrev  0x0000149d       0x2a C:\Users\Asus\Documents\Atmel Studio\7.0\Assignment4\Assignment4\ArduinoCore\Debug\libArduinoCore.a(hooks.o)

.debug_line     0x00000000     0x1920
 *(.debug_line .debug_line.* .debug_line_end)
 .debug_line    0x00000000      0x3af Sketch.o
 .debug_line    0x000003af      0x426 C:\Users\Asus\Documents\Atmel Studio\7.0\Assignment4\Assignment4\ArduinoCore\Debug\libArduinoCore.a(HardwareSerial.o)
 .debug_line    0x000007d5      0x257 C:\Users\Asus\Documents\Atmel Studio\7.0\Assignment4\Assignment4\ArduinoCore\Debug\libArduinoCore.a(HardwareSerial0.o)
 .debug_line    0x00000a2c      0x175 C:\Users\Asus\Documents\Atmel Studio\7.0\Assignment4\Assignment4\ArduinoCore\Debug\libArduinoCore.a(main.o)
 .debug_line    0x00000ba1      0x644 C:\Users\Asus\Documents\Atmel Studio\7.0\Assignment4\Assignment4\ArduinoCore\Debug\libArduinoCore.a(Print.o)
 .debug_line    0x000011e5      0x299 C:\Users\Asus\Documents\Atmel Studio\7.0\Assignment4\Assignment4\ArduinoCore\Debug\libArduinoCore.a(wiring.o)
 .debug_line    0x0000147e      0x20f C:\Users\Asus\Documents\Atmel Studio\7.0\Assignment4\Assignment4\ArduinoCore\Debug\libArduinoCore.a(wiring_analog.o)
 .debug_line    0x0000168d      0x252 C:\Users\Asus\Documents\Atmel Studio\7.0\Assignment4\Assignment4\ArduinoCore\Debug\libArduinoCore.a(wiring_digital.o)
 .debug_line    0x000018df       0x41 C:\Users\Asus\Documents\Atmel Studio\7.0\Assignment4\Assignment4\ArduinoCore\Debug\libArduinoCore.a(hooks.o)

.debug_frame    0x00000000      0x840
 *(.debug_frame)
 .debug_frame   0x00000000       0xc8 Sketch.o
 .debug_frame   0x000000c8      0x110 C:\Users\Asus\Documents\Atmel Studio\7.0\Assignment4\Assignment4\ArduinoCore\Debug\libArduinoCore.a(HardwareSerial.o)
 .debug_frame   0x000001d8       0xc0 C:\Users\Asus\Documents\Atmel Studio\7.0\Assignment4\Assignment4\ArduinoCore\Debug\libArduinoCore.a(HardwareSerial0.o)
 .debug_frame   0x00000298       0x54 C:\Users\Asus\Documents\Atmel Studio\7.0\Assignment4\Assignment4\ArduinoCore\Debug\libArduinoCore.a(main.o)
 .debug_frame   0x000002ec      0x39c C:\Users\Asus\Documents\Atmel Studio\7.0\Assignment4\Assignment4\ArduinoCore\Debug\libArduinoCore.a(Print.o)
 .debug_frame   0x00000688       0xc4 C:\Users\Asus\Documents\Atmel Studio\7.0\Assignment4\Assignment4\ArduinoCore\Debug\libArduinoCore.a(wiring.o)
 .debug_frame   0x0000074c       0x54 C:\Users\Asus\Documents\Atmel Studio\7.0\Assignment4\Assignment4\ArduinoCore\Debug\libArduinoCore.a(wiring_analog.o)
 .debug_frame   0x000007a0       0x7c C:\Users\Asus\Documents\Atmel Studio\7.0\Assignment4\Assignment4\ArduinoCore\Debug\libArduinoCore.a(wiring_digital.o)
 .debug_frame   0x0000081c       0x24 C:\Users\Asus\Documents\Atmel Studio\7.0\Assignment4\Assignment4\ArduinoCore\Debug\libArduinoCore.a(hooks.o)

.debug_str      0x00000000     0x1ad4
 *(.debug_str)
 .debug_str     0x00000000      0x3ce Sketch.o
                                0x42c (size before relaxing)
 .debug_str     0x000003ce     0x1050 C:\Users\Asus\Documents\Atmel Studio\7.0\Assignment4\Assignment4\ArduinoCore\Debug\libArduinoCore.a(HardwareSerial.o)
                               0x1331 (size before relaxing)
 .debug_str     0x0000141e       0x8b C:\Users\Asus\Documents\Atmel Studio\7.0\Assignment4\Assignment4\ArduinoCore\Debug\libArduinoCore.a(HardwareSerial0.o)
                               0x1131 (size before relaxing)
 .debug_str     0x000014a9       0x43 C:\Users\Asus\Documents\Atmel Studio\7.0\Assignment4\Assignment4\ArduinoCore\Debug\libArduinoCore.a(main.o)
                                0x2bc (size before relaxing)
 .debug_str     0x000014ec      0x35d C:\Users\Asus\Documents\Atmel Studio\7.0\Assignment4\Assignment4\ArduinoCore\Debug\libArduinoCore.a(Print.o)
                                0xf8d (size before relaxing)
 .debug_str     0x00001849      0x15a C:\Users\Asus\Documents\Atmel Studio\7.0\Assignment4\Assignment4\ArduinoCore\Debug\libArduinoCore.a(wiring.o)
                                0x246 (size before relaxing)
 .debug_str     0x000019a3       0x6c C:\Users\Asus\Documents\Atmel Studio\7.0\Assignment4\Assignment4\ArduinoCore\Debug\libArduinoCore.a(wiring_analog.o)
                                0x24a (size before relaxing)
 .debug_str     0x00001a0f       0xa9 C:\Users\Asus\Documents\Atmel Studio\7.0\Assignment4\Assignment4\ArduinoCore\Debug\libArduinoCore.a(wiring_digital.o)
                                0x2ab (size before relaxing)
 .debug_str     0x00001ab8       0x1c C:\Users\Asus\Documents\Atmel Studio\7.0\Assignment4\Assignment4\ArduinoCore\Debug\libArduinoCore.a(hooks.o)
                                0x13b (size before relaxing)

.debug_loc      0x00000000     0x3031
 *(.debug_loc)
 .debug_loc     0x00000000      0x1e1 Sketch.o
 .debug_loc     0x000001e1      0x497 C:\Users\Asus\Documents\Atmel Studio\7.0\Assignment4\Assignment4\ArduinoCore\Debug\libArduinoCore.a(HardwareSerial.o)
 .debug_loc     0x00000678      0x161 C:\Users\Asus\Documents\Atmel Studio\7.0\Assignment4\Assignment4\ArduinoCore\Debug\libArduinoCore.a(HardwareSerial0.o)
 .debug_loc     0x000007d9     0x1f0e C:\Users\Asus\Documents\Atmel Studio\7.0\Assignment4\Assignment4\ArduinoCore\Debug\libArduinoCore.a(Print.o)
 .debug_loc     0x000026e7      0x269 C:\Users\Asus\Documents\Atmel Studio\7.0\Assignment4\Assignment4\ArduinoCore\Debug\libArduinoCore.a(wiring.o)
 .debug_loc     0x00002950       0xfe C:\Users\Asus\Documents\Atmel Studio\7.0\Assignment4\Assignment4\ArduinoCore\Debug\libArduinoCore.a(wiring_analog.o)
 .debug_loc     0x00002a4e      0x5e3 C:\Users\Asus\Documents\Atmel Studio\7.0\Assignment4\Assignment4\ArduinoCore\Debug\libArduinoCore.a(wiring_digital.o)

.debug_macinfo
 *(.debug_macinfo)

.debug_weaknames
 *(.debug_weaknames)

.debug_funcnames
 *(.debug_funcnames)

.debug_typenames
 *(.debug_typenames)

.debug_varnames
 *(.debug_varnames)

.debug_pubtypes
 *(.debug_pubtypes)

.debug_ranges   0x00000000      0x2b0
 *(.debug_ranges)
 .debug_ranges  0x00000000       0x38 Sketch.o
 .debug_ranges  0x00000038       0x70 C:\Users\Asus\Documents\Atmel Studio\7.0\Assignment4\Assignment4\ArduinoCore\Debug\libArduinoCore.a(HardwareSerial.o)
 .debug_ranges  0x000000a8       0x28 C:\Users\Asus\Documents\Atmel Studio\7.0\Assignment4\Assignment4\ArduinoCore\Debug\libArduinoCore.a(HardwareSerial0.o)
 .debug_ranges  0x000000d0       0x28 C:\Users\Asus\Documents\Atmel Studio\7.0\Assignment4\Assignment4\ArduinoCore\Debug\libArduinoCore.a(main.o)
 .debug_ranges  0x000000f8      0x128 C:\Users\Asus\Documents\Atmel Studio\7.0\Assignment4\Assignment4\ArduinoCore\Debug\libArduinoCore.a(Print.o)
 .debug_ranges  0x00000220       0x38 C:\Users\Asus\Documents\Atmel Studio\7.0\Assignment4\Assignment4\ArduinoCore\Debug\libArduinoCore.a(wiring.o)
 .debug_ranges  0x00000258       0x20 C:\Users\Asus\Documents\Atmel Studio\7.0\Assignment4\Assignment4\ArduinoCore\Debug\libArduinoCore.a(wiring_analog.o)
 .debug_ranges  0x00000278       0x28 C:\Users\Asus\Documents\Atmel Studio\7.0\Assignment4\Assignment4\ArduinoCore\Debug\libArduinoCore.a(wiring_digital.o)
 .debug_ranges  0x000002a0       0x10 C:\Users\Asus\Documents\Atmel Studio\7.0\Assignment4\Assignment4\ArduinoCore\Debug\libArduinoCore.a(hooks.o)

.debug_macro
 *(.debug_macro)
OUTPUT(EmptySketch.elf elf32-avr)
LOAD linker stubs
